Archive member included to satisfy reference by file (symbol)

c:/st/stm32cubeide_1.12.0/stm32cubeide/plugins/com.st.stm32cube.ide.mcu.externaltools.gnu-tools-for-stm32.10.3-2021.10.win32_1.0.200.202301161003/tools/bin/../lib/gcc/arm-none-eabi/10.3.1/../../../../arm-none-eabi/lib/thumb/v7e-m+fp/hard\libc_nano.a(lib_a-errno.o)
                              ./Core/Src/syscalls.o (__errno)
c:/st/stm32cubeide_1.12.0/stm32cubeide/plugins/com.st.stm32cube.ide.mcu.externaltools.gnu-tools-for-stm32.10.3-2021.10.win32_1.0.200.202301161003/tools/bin/../lib/gcc/arm-none-eabi/10.3.1/../../../../arm-none-eabi/lib/thumb/v7e-m+fp/hard\libc_nano.a(lib_a-exit.o)
                              c:/st/stm32cubeide_1.12.0/stm32cubeide/plugins/com.st.stm32cube.ide.mcu.externaltools.gnu-tools-for-stm32.10.3-2021.10.win32_1.0.200.202301161003/tools/bin/../lib/gcc/arm-none-eabi/10.3.1/../../../../arm-none-eabi/lib/thumb/v7e-m+fp/hard/crt0.o (exit)
c:/st/stm32cubeide_1.12.0/stm32cubeide/plugins/com.st.stm32cube.ide.mcu.externaltools.gnu-tools-for-stm32.10.3-2021.10.win32_1.0.200.202301161003/tools/bin/../lib/gcc/arm-none-eabi/10.3.1/../../../../arm-none-eabi/lib/thumb/v7e-m+fp/hard\libc_nano.a(lib_a-impure.o)
                              c:/st/stm32cubeide_1.12.0/stm32cubeide/plugins/com.st.stm32cube.ide.mcu.externaltools.gnu-tools-for-stm32.10.3-2021.10.win32_1.0.200.202301161003/tools/bin/../lib/gcc/arm-none-eabi/10.3.1/../../../../arm-none-eabi/lib/thumb/v7e-m+fp/hard\libc_nano.a(lib_a-exit.o) (_global_impure_ptr)
c:/st/stm32cubeide_1.12.0/stm32cubeide/plugins/com.st.stm32cube.ide.mcu.externaltools.gnu-tools-for-stm32.10.3-2021.10.win32_1.0.200.202301161003/tools/bin/../lib/gcc/arm-none-eabi/10.3.1/../../../../arm-none-eabi/lib/thumb/v7e-m+fp/hard\libc_nano.a(lib_a-init.o)
                              c:/st/stm32cubeide_1.12.0/stm32cubeide/plugins/com.st.stm32cube.ide.mcu.externaltools.gnu-tools-for-stm32.10.3-2021.10.win32_1.0.200.202301161003/tools/bin/../lib/gcc/arm-none-eabi/10.3.1/../../../../arm-none-eabi/lib/thumb/v7e-m+fp/hard/crt0.o (__libc_init_array)
c:/st/stm32cubeide_1.12.0/stm32cubeide/plugins/com.st.stm32cube.ide.mcu.externaltools.gnu-tools-for-stm32.10.3-2021.10.win32_1.0.200.202301161003/tools/bin/../lib/gcc/arm-none-eabi/10.3.1/../../../../arm-none-eabi/lib/thumb/v7e-m+fp/hard\libc_nano.a(lib_a-memcpy-stub.o)
                              ./Middlewares/Third_Party/FreeRTOS/Source/queue.o (memcpy)
c:/st/stm32cubeide_1.12.0/stm32cubeide/plugins/com.st.stm32cube.ide.mcu.externaltools.gnu-tools-for-stm32.10.3-2021.10.win32_1.0.200.202301161003/tools/bin/../lib/gcc/arm-none-eabi/10.3.1/../../../../arm-none-eabi/lib/thumb/v7e-m+fp/hard\libc_nano.a(lib_a-memset.o)
                              c:/st/stm32cubeide_1.12.0/stm32cubeide/plugins/com.st.stm32cube.ide.mcu.externaltools.gnu-tools-for-stm32.10.3-2021.10.win32_1.0.200.202301161003/tools/bin/../lib/gcc/arm-none-eabi/10.3.1/../../../../arm-none-eabi/lib/thumb/v7e-m+fp/hard/crt0.o (memset)
c:/st/stm32cubeide_1.12.0/stm32cubeide/plugins/com.st.stm32cube.ide.mcu.externaltools.gnu-tools-for-stm32.10.3-2021.10.win32_1.0.200.202301161003/tools/bin/../lib/gcc/arm-none-eabi/10.3.1/../../../../arm-none-eabi/lib/thumb/v7e-m+fp/hard\libc_nano.a(lib_a-strncmp.o)
                              ./Core/Src/main.o (strncmp)
c:/st/stm32cubeide_1.12.0/stm32cubeide/plugins/com.st.stm32cube.ide.mcu.externaltools.gnu-tools-for-stm32.10.3-2021.10.win32_1.0.200.202301161003/tools/bin/../lib/gcc/arm-none-eabi/10.3.1/thumb/v7e-m+fp/hard\libgcc.a(_aeabi_uldivmod.o)
                              ./Drivers/STM32F4xx_HAL_Driver/Src/stm32f4xx_hal_rcc.o (__aeabi_uldivmod)
c:/st/stm32cubeide_1.12.0/stm32cubeide/plugins/com.st.stm32cube.ide.mcu.externaltools.gnu-tools-for-stm32.10.3-2021.10.win32_1.0.200.202301161003/tools/bin/../lib/gcc/arm-none-eabi/10.3.1/thumb/v7e-m+fp/hard\libgcc.a(_udivmoddi4.o)
                              c:/st/stm32cubeide_1.12.0/stm32cubeide/plugins/com.st.stm32cube.ide.mcu.externaltools.gnu-tools-for-stm32.10.3-2021.10.win32_1.0.200.202301161003/tools/bin/../lib/gcc/arm-none-eabi/10.3.1/thumb/v7e-m+fp/hard\libgcc.a(_aeabi_uldivmod.o) (__udivmoddi4)
c:/st/stm32cubeide_1.12.0/stm32cubeide/plugins/com.st.stm32cube.ide.mcu.externaltools.gnu-tools-for-stm32.10.3-2021.10.win32_1.0.200.202301161003/tools/bin/../lib/gcc/arm-none-eabi/10.3.1/thumb/v7e-m+fp/hard\libgcc.a(_dvmd_tls.o)
                              c:/st/stm32cubeide_1.12.0/stm32cubeide/plugins/com.st.stm32cube.ide.mcu.externaltools.gnu-tools-for-stm32.10.3-2021.10.win32_1.0.200.202301161003/tools/bin/../lib/gcc/arm-none-eabi/10.3.1/thumb/v7e-m+fp/hard\libgcc.a(_aeabi_uldivmod.o) (__aeabi_ldiv0)

Discarded input sections

 .text          0x0000000000000000        0x0 c:/st/stm32cubeide_1.12.0/stm32cubeide/plugins/com.st.stm32cube.ide.mcu.externaltools.gnu-tools-for-stm32.10.3-2021.10.win32_1.0.200.202301161003/tools/bin/../lib/gcc/arm-none-eabi/10.3.1/thumb/v7e-m+fp/hard/crti.o
[...]
Memory Configuration

Name             Origin             Length             Attributes
CCMRAM           0x0000000010000000 0x0000000000010000 xrw
RAM              0x0000000020000000 0x0000000000020000 xrw
FLASH            0x0000000008000000 0x0000000000080000 xr
*default*        0x0000000000000000 0xffffffffffffffff

Linker script and memory map

LOAD c:/st/stm32cubeide_1.12.0/stm32cubeide/plugins/com.st.stm32cube.ide.mcu.externaltools.gnu-tools-for-stm32.10.3-2021.10.win32_1.0.200.202301161003/tools/bin/../lib/gcc/arm-none-eabi/10.3.1/thumb/v7e-m+fp/hard/crti.o
LOAD c:/st/stm32cubeide_1.12.0/stm32cubeide/plugins/com.st.stm32cube.ide.mcu.externaltools.gnu-tools-for-stm32.10.3-2021.10.win32_1.0.200.202301161003/tools/bin/../lib/gcc/arm-none-eabi/10.3.1/thumb/v7e-m+fp/hard/crtbegin.o
LOAD c:/st/stm32cubeide_1.12.0/stm32cubeide/plugins/com.st.stm32cube.ide.mcu.externaltools.gnu-tools-for-stm32.10.3-2021.10.win32_1.0.200.202301161003/tools/bin/../lib/gcc/arm-none-eabi/10.3.1/../../../../arm-none-eabi/lib/thumb/v7e-m+fp/hard/crt0.o
LOAD ./Core/Src/freertos.o
LOAD ./Core/Src/main.o
LOAD ./Core/Src/stm32f4xx_hal_msp.o
LOAD ./Core/Src/stm32f4xx_hal_timebase_tim.o
LOAD ./Core/Src/stm32f4xx_it.o
LOAD ./Core/Src/syscalls.o
LOAD ./Core/Src/sysmem.o
LOAD ./Core/Src/system_stm32f4xx.o
LOAD ./Core/Startup/startup_stm32f407vetx.o
LOAD ./Drivers/STM32F4xx_HAL_Driver/Src/stm32f4xx_hal.o
LOAD ./Drivers/STM32F4xx_HAL_Driver/Src/stm32f4xx_hal_cortex.o
LOAD ./Drivers/STM32F4xx_HAL_Driver/Src/stm32f4xx_hal_dma.o
LOAD ./Drivers/STM32F4xx_HAL_Driver/Src/stm32f4xx_hal_dma_ex.o
LOAD ./Drivers/STM32F4xx_HAL_Driver/Src/stm32f4xx_hal_exti.o
LOAD ./Drivers/STM32F4xx_HAL_Driver/Src/stm32f4xx_hal_flash.o
LOAD ./Drivers/STM32F4xx_HAL_Driver/Src/stm32f4xx_hal_flash_ex.o
LOAD ./Drivers/STM32F4xx_HAL_Driver/Src/stm32f4xx_hal_flash_ramfunc.o
LOAD ./Drivers/STM32F4xx_HAL_Driver/Src/stm32f4xx_hal_gpio.o
LOAD ./Drivers/STM32F4xx_HAL_Driver/Src/stm32f4xx_hal_pcd.o
LOAD ./Drivers/STM32F4xx_HAL_Driver/Src/stm32f4xx_hal_pcd_ex.o
LOAD ./Drivers/STM32F4xx_HAL_Driver/Src/stm32f4xx_hal_pwr.o
LOAD ./Drivers/STM32F4xx_HAL_Driver/Src/stm32f4xx_hal_pwr_ex.o
LOAD ./Drivers/STM32F4xx_HAL_Driver/Src/stm32f4xx_hal_rcc.o
LOAD ./Drivers/STM32F4xx_HAL_Driver/Src/stm32f4xx_hal_rcc_ex.o
LOAD ./Drivers/STM32F4xx_HAL_Driver/Src/stm32f4xx_hal_tim.o
LOAD ./Drivers/STM32F4xx_HAL_Driver/Src/stm32f4xx_hal_tim_ex.o
LOAD ./Drivers/STM32F4xx_HAL_Driver/Src/stm32f4xx_ll_usb.o
LOAD ./Middlewares/ST/STM32_USB_Device_Library/Class/CDC/Src/usbd_cdc.o
LOAD ./Middlewares/ST/STM32_USB_Device_Library/Core/Src/usbd_core.o
LOAD ./Middlewares/ST/STM32_USB_Device_Library/Core/Src/usbd_ctlreq.o
LOAD ./Middlewares/ST/STM32_USB_Device_Library/Core/Src/usbd_ioreq.o
LOAD ./Middlewares/Third_Party/FreeRTOS/Source/CMSIS_RTOS/cmsis_os.o
LOAD ./Middlewares/Third_Party/FreeRTOS/Source/croutine.o
LOAD ./Middlewares/Third_Party/FreeRTOS/Source/event_groups.o
LOAD ./Middlewares/Third_Party/FreeRTOS/Source/list.o
LOAD ./Middlewares/Third_Party/FreeRTOS/Source/queue.o
LOAD ./Middlewares/Third_Party/FreeRTOS/Source/stream_buffer.o
LOAD ./Middlewares/Third_Party/FreeRTOS/Source/tasks.o
LOAD ./Middlewares/Third_Party/FreeRTOS/Source/timers.o
LOAD ./Middlewares/Third_Party/FreeRTOS/Source/portable/GCC/ARM_CM4F/port.o
LOAD ./Middlewares/Third_Party/FreeRTOS/Source/portable/MemMang/heap_4.o
LOAD ./USB_DEVICE/App/usb_device.o
LOAD ./USB_DEVICE/App/usbd_cdc_if.o
LOAD ./USB_DEVICE/App/usbd_desc.o
LOAD ./USB_DEVICE/Target/usbd_conf.o
START GROUP
LOAD c:/st/stm32cubeide_1.12.0/stm32cubeide/plugins/com.st.stm32cube.ide.mcu.externaltools.gnu-tools-for-stm32.10.3-2021.10.win32_1.0.200.202301161003/tools/bin/../lib/gcc/arm-none-eabi/10.3.1/../../../../arm-none-eabi/lib/thumb/v7e-m+fp/hard\libc_nano.a
LOAD c:/st/stm32cubeide_1.12.0/stm32cubeide/plugins/com.st.stm32cube.ide.mcu.externaltools.gnu-tools-for-stm32.10.3-2021.10.win32_1.0.200.202301161003/tools/bin/../lib/gcc/arm-none-eabi/10.3.1/../../../../arm-none-eabi/lib/thumb/v7e-m+fp/hard\libm.a
END GROUP
START GROUP
LOAD c:/st/stm32cubeide_1.12.0/stm32cubeide/plugins/com.st.stm32cube.ide.mcu.externaltools.gnu-tools-for-stm32.10.3-2021.10.win32_1.0.200.202301161003/tools/bin/../lib/gcc/arm-none-eabi/10.3.1/thumb/v7e-m+fp/hard\libgcc.a
LOAD c:/st/stm32cubeide_1.12.0/stm32cubeide/plugins/com.st.stm32cube.ide.mcu.externaltools.gnu-tools-for-stm32.10.3-2021.10.win32_1.0.200.202301161003/tools/bin/../lib/gcc/arm-none-eabi/10.3.1/../../../../arm-none-eabi/lib/thumb/v7e-m+fp/hard\libc_nano.a
END GROUP
START GROUP
LOAD c:/st/stm32cubeide_1.12.0/stm32cubeide/plugins/com.st.stm32cube.ide.mcu.externaltools.gnu-tools-for-stm32.10.3-2021.10.win32_1.0.200.202301161003/tools/bin/../lib/gcc/arm-none-eabi/10.3.1/thumb/v7e-m+fp/hard\libgcc.a
LOAD c:/st/stm32cubeide_1.12.0/stm32cubeide/plugins/com.st.stm32cube.ide.mcu.externaltools.gnu-tools-for-stm32.10.3-2021.10.win32_1.0.200.202301161003/tools/bin/../lib/gcc/arm-none-eabi/10.3.1/../../../../arm-none-eabi/lib/thumb/v7e-m+fp/hard\libc_nano.a
LOAD c:/st/stm32cubeide_1.12.0/stm32cubeide/plugins/com.st.stm32cube.ide.mcu.externaltools.gnu-tools-for-stm32.10.3-2021.10.win32_1.0.200.202301161003/tools/bin/../lib/gcc/arm-none-eabi/10.3.1/../../../../arm-none-eabi/lib/thumb/v7e-m+fp/hard\libnosys.a
END GROUP
START GROUP
LOAD c:/st/stm32cubeide_1.12.0/stm32cubeide/plugins/com.st.stm32cube.ide.mcu.externaltools.gnu-tools-for-stm32.10.3-2021.10.win32_1.0.200.202301161003/tools/bin/../lib/gcc/arm-none-eabi/10.3.1/thumb/v7e-m+fp/hard\libgcc.a
LOAD c:/st/stm32cubeide_1.12.0/stm32cubeide/plugins/com.st.stm32cube.ide.mcu.externaltools.gnu-tools-for-stm32.10.3-2021.10.win32_1.0.200.202301161003/tools/bin/../lib/gcc/arm-none-eabi/10.3.1/../../../../arm-none-eabi/lib/thumb/v7e-m+fp/hard\libc_nano.a
LOAD c:/st/stm32cubeide_1.12.0/stm32cubeide/plugins/com.st.stm32cube.ide.mcu.externaltools.gnu-tools-for-stm32.10.3-2021.10.win32_1.0.200.202301161003/tools/bin/../lib/gcc/arm-none-eabi/10.3.1/../../../../arm-none-eabi/lib/thumb/v7e-m+fp/hard\libnosys.a
END GROUP
LOAD c:/st/stm32cubeide_1.12.0/stm32cubeide/plugins/com.st.stm32cube.ide.mcu.externaltools.gnu-tools-for-stm32.10.3-2021.10.win32_1.0.200.202301161003/tools/bin/../lib/gcc/arm-none-eabi/10.3.1/thumb/v7e-m+fp/hard/crtend.o
LOAD c:/st/stm32cubeide_1.12.0/stm32cubeide/plugins/com.st.stm32cube.ide.mcu.externaltools.gnu-tools-for-stm32.10.3-2021.10.win32_1.0.200.202301161003/tools/bin/../lib/gcc/arm-none-eabi/10.3.1/thumb/v7e-m+fp/hard/crtn.o
                0x0000000020020000                _estack = (ORIGIN (RAM) + LENGTH (RAM))
                0x0000000000000200                _Min_Heap_Size = 0x200
                0x0000000000000400                _Min_Stack_Size = 0x400

.isr_vector     0x0000000008000000      0x188
                0x0000000008000000                . = ALIGN (0x4)
 *(.isr_vector)
 .isr_vector    0x0000000008000000      0x188 ./Core/Startup/startup_stm32f407vetx.o
                0x0000000008000000                g_pfnVectors
                0x0000000008000188                . = ALIGN (0x4)

.text           0x0000000008000190     0xa3b0
                0x0000000008000190                . = ALIGN (0x4)
 *(.text)
 .text          0x0000000008000190       0x40 c:/st/stm32cubeide_1.12.0/stm32cubeide/plugins/com.st.stm32cube.ide.mcu.externaltools.gnu-tools-for-stm32.10.3-2021.10.win32_1.0.200.202301161003/tools/bin/../lib/gcc/arm-none-eabi/10.3.1/thumb/v7e-m+fp/hard/crtbegin.o
 .text          0x00000000080001d0       0x30 c:/st/stm32cubeide_1.12.0/stm32cubeide/plugins/com.st.stm32cube.ide.mcu.externaltools.gnu-tools-for-stm32.10.3-2021.10.win32_1.0.200.202301161003/tools/bin/../lib/gcc/arm-none-eabi/10.3.1/thumb/v7e-m+fp/hard\libgcc.a(_aeabi_uldivmod.o)
                0x00000000080001d0                __aeabi_uldivmod
 .text          0x0000000008000200      0x2d0 c:/st/stm32cubeide_1.12.0/stm32cubeide/plugins/com.st.stm32cube.ide.mcu.externaltools.gnu-tools-for-stm32.10.3-2021.10.win32_1.0.200.202301161003/tools/bin/../lib/gcc/arm-none-eabi/10.3.1/thumb/v7e-m+fp/hard\libgcc.a(_udivmoddi4.o)
                0x0000000008000200                __udivmoddi4
 .text          0x00000000080004d0        0x4 c:/st/stm32cubeide_1.12.0/stm32cubeide/plugins/com.st.stm32cube.ide.mcu.externaltools.gnu-tools-for-stm32.10.3-2021.10.win32_1.0.200.202301161003/tools/bin/../lib/gcc/arm-none-eabi/10.3.1/thumb/v7e-m+fp/hard\libgcc.a(_dvmd_tls.o)
                0x00000000080004d0                __aeabi_idiv0
                0x00000000080004d0                __aeabi_ldiv0
 *(.text*)
 .text.vApplicationGetIdleTaskMemory
                0x00000000080004d4       0x34 ./Core/Src/freertos.o
                0x00000000080004d4                vApplicationGetIdleTaskMemory
 .text.USBRxHandler
                0x0000000008000508       0x38 ./Core/Src/main.o
                0x0000000008000508                USBRxHandler
 .text.delay    0x0000000008000540       0x34 ./Core/Src/main.o
                0x0000000008000540                delay
 .text.stepper_set_rpm
                0x0000000008000574       0x22 ./Core/Src/main.o
                0x0000000008000574                stepper_set_rpm
 *fill*         0x0000000008000596        0x2 
 .text.stepper_half_drive_gate
                0x0000000008000598      0x1d8 ./Core/Src/main.o
                0x0000000008000598                stepper_half_drive_gate
 .text.stepper_half_drive_gate2
                0x0000000008000770      0x1a8 ./Core/Src/main.o
                0x0000000008000770                stepper_half_drive_gate2
 .text.delay_ms_soft
                0x0000000008000918       0x2e ./Core/Src/main.o
                0x0000000008000918                delay_ms_soft
 *fill*         0x0000000008000946        0x2 
 .text.main     0x0000000008000948      0x234 ./Core/Src/main.o
                0x0000000008000948                main
 .text.SystemClock_Config
                0x0000000008000b7c       0xd0 ./Core/Src/main.o
                0x0000000008000b7c                SystemClock_Config
 .text.MX_TIM2_Init
                0x0000000008000c4c       0x9c ./Core/Src/main.o
 .text.MX_TIM3_Init
                0x0000000008000ce8       0x9c ./Core/Src/main.o
 .text.MX_TIM4_Init
                0x0000000008000d84       0xec ./Core/Src/main.o
 .text.MX_GPIO_Init
                0x0000000008000e70      0x188 ./Core/Src/main.o
 .text.motorRampa_init
                0x0000000008000ff8      0x200 ./Core/Src/main.o
                0x0000000008000ff8                motorRampa_init
 .text.lightShow_init
                0x00000000080011f8       0xd0 ./Core/Src/main.o
                0x00000000080011f8                lightShow_init
 .text.interfon_init
                0x00000000080012c8       0xe4 ./Core/Src/main.o
                0x00000000080012c8                interfon_init
 .text.citacVrata_init
                0x00000000080013ac       0xd8 ./Core/Src/main.o
                0x00000000080013ac                citacVrata_init
 .text.displej_init
                0x0000000008001484       0x10 ./Core/Src/main.o
                0x0000000008001484                displej_init
 .text.pomocni_init
                0x0000000008001494       0x30 ./Core/Src/main.o
                0x0000000008001494                pomocni_init
 .text.HAL_TIM_PeriodElapsedCallback
                0x00000000080014c4       0x24 ./Core/Src/main.o
                0x00000000080014c4                HAL_TIM_PeriodElapsedCallback
 .text.Error_Handler
                0x00000000080014e8        0xa ./Core/Src/main.o
                0x00000000080014e8                Error_Handler
 *fill*         0x00000000080014f2        0x2 
 .text.HAL_MspInit
                0x00000000080014f4       0x58 ./Core/Src/stm32f4xx_hal_msp.o
                0x00000000080014f4                HAL_MspInit
 .text.HAL_TIM_Base_MspInit
                0x000000000800154c       0x98 ./Core/Src/stm32f4xx_hal_msp.o
                0x000000000800154c                HAL_TIM_Base_MspInit
 .text.HAL_TIM_MspPostInit
                0x00000000080015e4       0x74 ./Core/Src/stm32f4xx_hal_msp.o
                0x00000000080015e4                HAL_TIM_MspPostInit
 .text.HAL_InitTick
                0x0000000008001658       0xe4 ./Core/Src/stm32f4xx_hal_timebase_tim.o
                0x0000000008001658                HAL_InitTick
 .text.NMI_Handler
                0x000000000800173c        0x6 ./Core/Src/stm32f4xx_it.o
                0x000000000800173c                NMI_Handler
 .text.HardFault_Handler
                0x0000000008001742        0x6 ./Core/Src/stm32f4xx_it.o
                0x0000000008001742                HardFault_Handler
 .text.MemManage_Handler
                0x0000000008001748        0x6 ./Core/Src/stm32f4xx_it.o
                0x0000000008001748                MemManage_Handler
 .text.BusFault_Handler
                0x000000000800174e        0x6 ./Core/Src/stm32f4xx_it.o
                0x000000000800174e                BusFault_Handler
 .text.UsageFault_Handler
                0x0000000008001754        0x6 ./Core/Src/stm32f4xx_it.o
                0x0000000008001754                UsageFault_Handler
 .text.DebugMon_Handler
                0x000000000800175a        0xe ./Core/Src/stm32f4xx_it.o
                0x000000000800175a                DebugMon_Handler
 .text.TIM1_UP_TIM10_IRQHandler
                0x0000000008001768       0x14 ./Core/Src/stm32f4xx_it.o
                0x0000000008001768                TIM1_UP_TIM10_IRQHandler
 .text.OTG_FS_IRQHandler
                0x000000000800177c       0x14 ./Core/Src/stm32f4xx_it.o
                0x000000000800177c                OTG_FS_IRQHandler
 .text.SystemInit
                0x0000000008001790       0x24 ./Core/Src/system_stm32f4xx.o
                0x0000000008001790                SystemInit
 .text.Reset_Handler
                0x00000000080017b4       0x50 ./Core/Startup/startup_stm32f407vetx.o
                0x00000000080017b4                Reset_Handler
 .text.Default_Handler
                0x0000000008001804        0x2 ./Core/Startup/startup_stm32f407vetx.o
                0x0000000008001804                RTC_Alarm_IRQHandler
                0x0000000008001804                HASH_RNG_IRQHandler
                0x0000000008001804                EXTI2_IRQHandler
                0x0000000008001804                TIM8_CC_IRQHandler
                0x0000000008001804                TIM1_CC_IRQHandler
                0x0000000008001804                DMA2_Stream5_IRQHandler
                0x0000000008001804                DMA1_Stream5_IRQHandler
                0x0000000008001804                PVD_IRQHandler
                0x0000000008001804                SDIO_IRQHandler
                0x0000000008001804                TAMP_STAMP_IRQHandler
                0x0000000008001804                CAN2_RX1_IRQHandler
                0x0000000008001804                EXTI3_IRQHandler
                0x0000000008001804                TIM8_TRG_COM_TIM14_IRQHandler
                0x0000000008001804                TIM8_UP_TIM13_IRQHandler
                0x0000000008001804                I2C3_ER_IRQHandler
                0x0000000008001804                EXTI0_IRQHandler
                0x0000000008001804                I2C2_EV_IRQHandler
                0x0000000008001804                DMA1_Stream2_IRQHandler
                0x0000000008001804                CAN1_RX0_IRQHandler
                0x0000000008001804                FPU_IRQHandler
                0x0000000008001804                OTG_HS_WKUP_IRQHandler
                0x0000000008001804                CAN2_SCE_IRQHandler
                0x0000000008001804                DMA2_Stream2_IRQHandler
                0x0000000008001804                SPI1_IRQHandler
                0x0000000008001804                TIM6_DAC_IRQHandler
                0x0000000008001804                TIM1_BRK_TIM9_IRQHandler
                0x0000000008001804                DCMI_IRQHandler
                0x0000000008001804                CAN2_RX0_IRQHandler
                0x0000000008001804                DMA2_Stream3_IRQHandler
                0x0000000008001804                USART6_IRQHandler
                0x0000000008001804                USART3_IRQHandler
                0x0000000008001804                CAN1_RX1_IRQHandler
                0x0000000008001804                UART5_IRQHandler
                0x0000000008001804                DMA2_Stream0_IRQHandler
                0x0000000008001804                TIM4_IRQHandler
                0x0000000008001804                I2C1_EV_IRQHandler
                0x0000000008001804                DMA1_Stream6_IRQHandler
                0x0000000008001804                DMA1_Stream1_IRQHandler
                0x0000000008001804                UART4_IRQHandler
                0x0000000008001804                TIM3_IRQHandler
                0x0000000008001804                RCC_IRQHandler
                0x0000000008001804                TIM8_BRK_TIM12_IRQHandler
                0x0000000008001804                Default_Handler
                0x0000000008001804                EXTI15_10_IRQHandler
                0x0000000008001804                ADC_IRQHandler
                0x0000000008001804                DMA1_Stream7_IRQHandler
                0x0000000008001804                TIM7_IRQHandler
                0x0000000008001804                CAN2_TX_IRQHandler
                0x0000000008001804                TIM5_IRQHandler
                0x0000000008001804                DMA2_Stream7_IRQHandler
                0x0000000008001804                I2C3_EV_IRQHandler
                0x0000000008001804                EXTI9_5_IRQHandler
                0x0000000008001804                RTC_WKUP_IRQHandler
                0x0000000008001804                ETH_WKUP_IRQHandler
                0x0000000008001804                SPI2_IRQHandler
                0x0000000008001804                OTG_HS_EP1_IN_IRQHandler
                0x0000000008001804                DMA1_Stream0_IRQHandler
                0x0000000008001804                CAN1_TX_IRQHandler
                0x0000000008001804                EXTI4_IRQHandler
                0x0000000008001804                FSMC_IRQHandler
                0x0000000008001804                ETH_IRQHandler
                0x0000000008001804                OTG_HS_EP1_OUT_IRQHandler
                0x0000000008001804                WWDG_IRQHandler
                0x0000000008001804                TIM2_IRQHandler
                0x0000000008001804                OTG_FS_WKUP_IRQHandler
                0x0000000008001804                TIM1_TRG_COM_TIM11_IRQHandler
                0x0000000008001804                OTG_HS_IRQHandler
                0x0000000008001804                EXTI1_IRQHandler
                0x0000000008001804                USART2_IRQHandler
                0x0000000008001804                I2C2_ER_IRQHandler
                0x0000000008001804                DMA2_Stream1_IRQHandler
                0x0000000008001804                CAN1_SCE_IRQHandler
                0x0000000008001804                FLASH_IRQHandler
                0x0000000008001804                DMA2_Stream4_IRQHandler
                0x0000000008001804                USART1_IRQHandler
                0x0000000008001804                SPI3_IRQHandler
                0x0000000008001804                DMA1_Stream4_IRQHandler
                0x0000000008001804                I2C1_ER_IRQHandler
                0x0000000008001804                DMA2_Stream6_IRQHandler
                0x0000000008001804                DMA1_Stream3_IRQHandler
 *fill*         0x0000000008001806        0x2 
 .text.HAL_Init
                0x0000000008001808       0x44 ./Drivers/STM32F4xx_HAL_Driver/Src/stm32f4xx_hal.o
                0x0000000008001808                HAL_Init
 .text.HAL_IncTick
                0x000000000800184c       0x28 ./Drivers/STM32F4xx_HAL_Driver/Src/stm32f4xx_hal.o
                0x000000000800184c                HAL_IncTick
 .text.HAL_GetTick
                0x0000000008001874       0x18 ./Drivers/STM32F4xx_HAL_Driver/Src/stm32f4xx_hal.o
                0x0000000008001874                HAL_GetTick
 .text.HAL_Delay
                0x000000000800188c       0x48 ./Drivers/STM32F4xx_HAL_Driver/Src/stm32f4xx_hal.o
                0x000000000800188c                HAL_Delay
 .text.__NVIC_SetPriorityGrouping
                0x00000000080018d4       0x48 ./Drivers/STM32F4xx_HAL_Driver/Src/stm32f4xx_hal_cortex.o
 .text.__NVIC_GetPriorityGrouping
                0x000000000800191c       0x1c ./Drivers/STM32F4xx_HAL_Driver/Src/stm32f4xx_hal_cortex.o
 .text.__NVIC_EnableIRQ
                0x0000000008001938       0x3c ./Drivers/STM32F4xx_HAL_Driver/Src/stm32f4xx_hal_cortex.o
 .text.__NVIC_SetPriority
                0x0000000008001974       0x54 ./Drivers/STM32F4xx_HAL_Driver/Src/stm32f4xx_hal_cortex.o
 .text.NVIC_EncodePriority
                0x00000000080019c8       0x66 ./Drivers/STM32F4xx_HAL_Driver/Src/stm32f4xx_hal_cortex.o
 .text.HAL_NVIC_SetPriorityGrouping
                0x0000000008001a2e       0x16 ./Drivers/STM32F4xx_HAL_Driver/Src/stm32f4xx_hal_cortex.o
                0x0000000008001a2e                HAL_NVIC_SetPriorityGrouping
 .text.HAL_NVIC_SetPriority
                0x0000000008001a44       0x38 ./Drivers/STM32F4xx_HAL_Driver/Src/stm32f4xx_hal_cortex.o
                0x0000000008001a44                HAL_NVIC_SetPriority
 .text.HAL_NVIC_EnableIRQ
                0x0000000008001a7c       0x1c ./Drivers/STM32F4xx_HAL_Driver/Src/stm32f4xx_hal_cortex.o
                0x0000000008001a7c                HAL_NVIC_EnableIRQ
 .text.HAL_GPIO_Init
                0x0000000008001a98      0x338 ./Drivers/STM32F4xx_HAL_Driver/Src/stm32f4xx_hal_gpio.o
                0x0000000008001a98                HAL_GPIO_Init
 .text.HAL_GPIO_ReadPin
                0x0000000008001dd0       0x30 ./Drivers/STM32F4xx_HAL_Driver/Src/stm32f4xx_hal_gpio.o
                0x0000000008001dd0                HAL_GPIO_ReadPin
 .text.HAL_GPIO_WritePin
                0x0000000008001e00       0x32 ./Drivers/STM32F4xx_HAL_Driver/Src/stm32f4xx_hal_gpio.o
                0x0000000008001e00                HAL_GPIO_WritePin
 .text.HAL_PCD_Init
                0x0000000008001e32      0x23a ./Drivers/STM32F4xx_HAL_Driver/Src/stm32f4xx_hal_pcd.o
                0x0000000008001e32                HAL_PCD_Init
 .text.HAL_PCD_Start
                0x000000000800206c       0x66 ./Drivers/STM32F4xx_HAL_Driver/Src/stm32f4xx_hal_pcd.o
                0x000000000800206c                HAL_PCD_Start
 .text.HAL_PCD_IRQHandler
                0x00000000080020d2      0x93e ./Drivers/STM32F4xx_HAL_Driver/Src/stm32f4xx_hal_pcd.o
                0x00000000080020d2                HAL_PCD_IRQHandler
 .text.HAL_PCD_SetAddress
                0x0000000008002a10       0x4a ./Drivers/STM32F4xx_HAL_Driver/Src/stm32f4xx_hal_pcd.o
                0x0000000008002a10                HAL_PCD_SetAddress
 .text.HAL_PCD_EP_Open
                0x0000000008002a5a       0xd0 ./Drivers/STM32F4xx_HAL_Driver/Src/stm32f4xx_hal_pcd.o
                0x0000000008002a5a                HAL_PCD_EP_Open
 .text.HAL_PCD_EP_Close
                0x0000000008002b2a       0x94 ./Drivers/STM32F4xx_HAL_Driver/Src/stm32f4xx_hal_pcd.o
                0x0000000008002b2a                HAL_PCD_EP_Close
 .text.HAL_PCD_EP_Receive
                0x0000000008002bbe       0x96 ./Drivers/STM32F4xx_HAL_Driver/Src/stm32f4xx_hal_pcd.o
                0x0000000008002bbe                HAL_PCD_EP_Receive
 .text.HAL_PCD_EP_GetRxCount
                0x0000000008002c54       0x30 ./Drivers/STM32F4xx_HAL_Driver/Src/stm32f4xx_hal_pcd.o
                0x0000000008002c54                HAL_PCD_EP_GetRxCount
 .text.HAL_PCD_EP_Transmit
                0x0000000008002c84       0x94 ./Drivers/STM32F4xx_HAL_Driver/Src/stm32f4xx_hal_pcd.o
                0x0000000008002c84                HAL_PCD_EP_Transmit
 .text.HAL_PCD_EP_SetStall
                0x0000000008002d18       0xc8 ./Drivers/STM32F4xx_HAL_Driver/Src/stm32f4xx_hal_pcd.o
                0x0000000008002d18                HAL_PCD_EP_SetStall
 .text.HAL_PCD_EP_ClrStall
                0x0000000008002de0       0xac ./Drivers/STM32F4xx_HAL_Driver/Src/stm32f4xx_hal_pcd.o
                0x0000000008002de0                HAL_PCD_EP_ClrStall
 .text.HAL_PCD_EP_Abort
                0x0000000008002e8c       0x62 ./Drivers/STM32F4xx_HAL_Driver/Src/stm32f4xx_hal_pcd.o
                0x0000000008002e8c                HAL_PCD_EP_Abort
 .text.PCD_WriteEmptyTxFifo
                0x0000000008002eee      0x11a ./Drivers/STM32F4xx_HAL_Driver/Src/stm32f4xx_hal_pcd.o
 .text.PCD_EP_OutXfrComplete_int
                0x0000000008003008      0x1d0 ./Drivers/STM32F4xx_HAL_Driver/Src/stm32f4xx_hal_pcd.o
 .text.PCD_EP_OutSetupPacket_int
                0x00000000080031d8       0x8c ./Drivers/STM32F4xx_HAL_Driver/Src/stm32f4xx_hal_pcd.o
 .text.HAL_PCDEx_SetTxFiFo
                0x0000000008003264       0x8e ./Drivers/STM32F4xx_HAL_Driver/Src/stm32f4xx_hal_pcd_ex.o
                0x0000000008003264                HAL_PCDEx_SetTxFiFo
 .text.HAL_PCDEx_SetRxFiFo
                0x00000000080032f2       0x22 ./Drivers/STM32F4xx_HAL_Driver/Src/stm32f4xx_hal_pcd_ex.o
                0x00000000080032f2                HAL_PCDEx_SetRxFiFo
 .text.HAL_PCDEx_LPM_Callback
                0x0000000008003314       0x18 ./Drivers/STM32F4xx_HAL_Driver/Src/stm32f4xx_hal_pcd_ex.o
                0x0000000008003314                HAL_PCDEx_LPM_Callback
 .text.HAL_RCC_OscConfig
                0x000000000800332c      0x4f0 ./Drivers/STM32F4xx_HAL_Driver/Src/stm32f4xx_hal_rcc.o
                0x000000000800332c                HAL_RCC_OscConfig
 .text.HAL_RCC_ClockConfig
                0x000000000800381c      0x1cc ./Drivers/STM32F4xx_HAL_Driver/Src/stm32f4xx_hal_rcc.o
                0x000000000800381c                HAL_RCC_ClockConfig
 .text.HAL_RCC_GetSysClockFreq
                0x00000000080039e8      0x20c ./Drivers/STM32F4xx_HAL_Driver/Src/stm32f4xx_hal_rcc.o
                0x00000000080039e8                HAL_RCC_GetSysClockFreq
 .text.HAL_RCC_GetHCLKFreq
                0x0000000008003bf4       0x18 ./Drivers/STM32F4xx_HAL_Driver/Src/stm32f4xx_hal_rcc.o
                0x0000000008003bf4                HAL_RCC_GetHCLKFreq
 .text.HAL_RCC_GetPCLK2Freq
                0x0000000008003c0c       0x28 ./Drivers/STM32F4xx_HAL_Driver/Src/stm32f4xx_hal_rcc.o
                0x0000000008003c0c                HAL_RCC_GetPCLK2Freq
 .text.HAL_RCC_GetClockConfig
                0x0000000008003c34       0x64 ./Drivers/STM32F4xx_HAL_Driver/Src/stm32f4xx_hal_rcc.o
                0x0000000008003c34                HAL_RCC_GetClockConfig
 .text.HAL_TIM_Base_Init
                0x0000000008003c98       0x9e ./Drivers/STM32F4xx_HAL_Driver/Src/stm32f4xx_hal_tim.o
                0x0000000008003c98                HAL_TIM_Base_Init
 *fill*         0x0000000008003d36        0x2 
 .text.HAL_TIM_Base_Start
                0x0000000008003d38       0xd0 ./Drivers/STM32F4xx_HAL_Driver/Src/stm32f4xx_hal_tim.o
                0x0000000008003d38                HAL_TIM_Base_Start
 .text.HAL_TIM_Base_Start_IT
                0x0000000008003e08       0xe0 ./Drivers/STM32F4xx_HAL_Driver/Src/stm32f4xx_hal_tim.o
                0x0000000008003e08                HAL_TIM_Base_Start_IT
 .text.HAL_TIM_PWM_Init
                0x0000000008003ee8       0x9e ./Drivers/STM32F4xx_HAL_Driver/Src/stm32f4xx_hal_tim.o
                0x0000000008003ee8                HAL_TIM_PWM_Init
 .text.HAL_TIM_PWM_MspInit
                0x0000000008003f86       0x14 ./Drivers/STM32F4xx_HAL_Driver/Src/stm32f4xx_hal_tim.o
                0x0000000008003f86                HAL_TIM_PWM_MspInit
 *fill*         0x0000000008003f9a        0x2 
 .text.HAL_TIM_PWM_Start
                0x0000000008003f9c      0x190 ./Drivers/STM32F4xx_HAL_Driver/Src/stm32f4xx_hal_tim.o
                0x0000000008003f9c                HAL_TIM_PWM_Start
 .text.HAL_TIM_IRQHandler
                0x000000000800412c      0x210 ./Drivers/STM32F4xx_HAL_Driver/Src/stm32f4xx_hal_tim.o
                0x000000000800412c                HAL_TIM_IRQHandler
 .text.HAL_TIM_PWM_ConfigChannel
                0x000000000800433c      0x184 ./Drivers/STM32F4xx_HAL_Driver/Src/stm32f4xx_hal_tim.o
                0x000000000800433c                HAL_TIM_PWM_ConfigChannel
 .text.HAL_TIM_ConfigClockSource
                0x00000000080044c0      0x18e ./Drivers/STM32F4xx_HAL_Driver/Src/stm32f4xx_hal_tim.o
                0x00000000080044c0                HAL_TIM_ConfigClockSource
 .text.HAL_TIM_OC_DelayElapsedCallback
                0x000000000800464e       0x14 ./Drivers/STM32F4xx_HAL_Driver/Src/stm32f4xx_hal_tim.o
                0x000000000800464e                HAL_TIM_OC_DelayElapsedCallback
 .text.HAL_TIM_IC_CaptureCallback
                0x0000000008004662       0x14 ./Drivers/STM32F4xx_HAL_Driver/Src/stm32f4xx_hal_tim.o
                0x0000000008004662                HAL_TIM_IC_CaptureCallback
 .text.HAL_TIM_PWM_PulseFinishedCallback
                0x0000000008004676       0x14 ./Drivers/STM32F4xx_HAL_Driver/Src/stm32f4xx_hal_tim.o
                0x0000000008004676                HAL_TIM_PWM_PulseFinishedCallback
 .text.HAL_TIM_TriggerCallback
                0x000000000800468a       0x14 ./Drivers/STM32F4xx_HAL_Driver/Src/stm32f4xx_hal_tim.o
                0x000000000800468a                HAL_TIM_TriggerCallback
 *fill*         0x000000000800469e        0x2 
 .text.TIM_Base_SetConfig
                0x00000000080046a0      0x140 ./Drivers/STM32F4xx_HAL_Driver/Src/stm32f4xx_hal_tim.o
                0x00000000080046a0                TIM_Base_SetConfig
 .text.TIM_OC1_SetConfig
                0x00000000080047e0       0xe0 ./Drivers/STM32F4xx_HAL_Driver/Src/stm32f4xx_hal_tim.o
 .text.TIM_OC2_SetConfig
                0x00000000080048c0       0xec ./Drivers/STM32F4xx_HAL_Driver/Src/stm32f4xx_hal_tim.o
                0x00000000080048c0                TIM_OC2_SetConfig
 .text.TIM_OC3_SetConfig
                0x00000000080049ac       0xe8 ./Drivers/STM32F4xx_HAL_Driver/Src/stm32f4xx_hal_tim.o
 .text.TIM_OC4_SetConfig
                0x0000000008004a94       0xac ./Drivers/STM32F4xx_HAL_Driver/Src/stm32f4xx_hal_tim.o
 .text.TIM_TI1_ConfigInputStage
                0x0000000008004b40       0x5e ./Drivers/STM32F4xx_HAL_Driver/Src/stm32f4xx_hal_tim.o
 .text.TIM_TI2_ConfigInputStage
                0x0000000008004b9e       0x60 ./Drivers/STM32F4xx_HAL_Driver/Src/stm32f4xx_hal_tim.o
 .text.TIM_ITRx_SetConfig
                0x0000000008004bfe       0x36 ./Drivers/STM32F4xx_HAL_Driver/Src/stm32f4xx_hal_tim.o
 .text.TIM_ETR_SetConfig
                0x0000000008004c34       0x40 ./Drivers/STM32F4xx_HAL_Driver/Src/stm32f4xx_hal_tim.o
                0x0000000008004c34                TIM_ETR_SetConfig
 .text.TIM_CCxChannelCmd
                0x0000000008004c74       0x4a ./Drivers/STM32F4xx_HAL_Driver/Src/stm32f4xx_hal_tim.o
                0x0000000008004c74                TIM_CCxChannelCmd
 *fill*         0x0000000008004cbe        0x2 
 .text.HAL_TIMEx_MasterConfigSynchronization
                0x0000000008004cc0       0xf8 ./Drivers/STM32F4xx_HAL_Driver/Src/stm32f4xx_hal_tim_ex.o
                0x0000000008004cc0                HAL_TIMEx_MasterConfigSynchronization
 .text.HAL_TIMEx_CommutCallback
                0x0000000008004db8       0x14 ./Drivers/STM32F4xx_HAL_Driver/Src/stm32f4xx_hal_tim_ex.o
                0x0000000008004db8                HAL_TIMEx_CommutCallback
 .text.HAL_TIMEx_BreakCallback
                0x0000000008004dcc       0x14 ./Drivers/STM32F4xx_HAL_Driver/Src/stm32f4xx_hal_tim_ex.o
                0x0000000008004dcc                HAL_TIMEx_BreakCallback
 .text.USB_CoreInit
                0x0000000008004de0       0xc2 ./Drivers/STM32F4xx_HAL_Driver/Src/stm32f4xx_ll_usb.o
                0x0000000008004de0                USB_CoreInit
 *fill*         0x0000000008004ea2        0x2 
 .text.USB_SetTurnaroundTime
                0x0000000008004ea4      0x144 ./Drivers/STM32F4xx_HAL_Driver/Src/stm32f4xx_ll_usb.o
                0x0000000008004ea4                USB_SetTurnaroundTime
 .text.USB_EnableGlobalInt
                0x0000000008004fe8       0x22 ./Drivers/STM32F4xx_HAL_Driver/Src/stm32f4xx_ll_usb.o
                0x0000000008004fe8                USB_EnableGlobalInt
 .text.USB_DisableGlobalInt
                0x000000000800500a       0x22 ./Drivers/STM32F4xx_HAL_Driver/Src/stm32f4xx_ll_usb.o
                0x000000000800500a                USB_DisableGlobalInt
 .text.USB_SetCurrentMode
                0x000000000800502c       0x98 ./Drivers/STM32F4xx_HAL_Driver/Src/stm32f4xx_ll_usb.o
                0x000000000800502c                USB_SetCurrentMode
 .text.USB_DevInit
                0x00000000080050c4      0x2c8 ./Drivers/STM32F4xx_HAL_Driver/Src/stm32f4xx_ll_usb.o
                0x00000000080050c4                USB_DevInit
 .text.USB_FlushTxFifo
                0x000000000800538c       0x68 ./Drivers/STM32F4xx_HAL_Driver/Src/stm32f4xx_ll_usb.o
                0x000000000800538c                USB_FlushTxFifo
 .text.USB_FlushRxFifo
                0x00000000080053f4       0x60 ./Drivers/STM32F4xx_HAL_Driver/Src/stm32f4xx_ll_usb.o
                0x00000000080053f4                USB_FlushRxFifo
 .text.USB_SetDevSpeed
                0x0000000008005454       0x32 ./Drivers/STM32F4xx_HAL_Driver/Src/stm32f4xx_ll_usb.o
                0x0000000008005454                USB_SetDevSpeed
 .text.USB_GetDevSpeed
                0x0000000008005486       0x4a ./Drivers/STM32F4xx_HAL_Driver/Src/stm32f4xx_ll_usb.o
                0x0000000008005486                USB_GetDevSpeed
 .text.USB_ActivateEndpoint
                0x00000000080054d0      0x10e ./Drivers/STM32F4xx_HAL_Driver/Src/stm32f4xx_ll_usb.o
                0x00000000080054d0                USB_ActivateEndpoint
 *fill*         0x00000000080055de        0x2 
 .text.USB_DeactivateEndpoint
                0x00000000080055e0      0x1b8 ./Drivers/STM32F4xx_HAL_Driver/Src/stm32f4xx_ll_usb.o
                0x00000000080055e0                USB_DeactivateEndpoint
 .text.USB_EPStartXfer
                0x0000000008005798      0x490 ./Drivers/STM32F4xx_HAL_Driver/Src/stm32f4xx_ll_usb.o
                0x0000000008005798                USB_EPStartXfer
 .text.USB_EP0StartXfer
                0x0000000008005c28      0x2b0 ./Drivers/STM32F4xx_HAL_Driver/Src/stm32f4xx_ll_usb.o
                0x0000000008005c28                USB_EP0StartXfer
 .text.USB_EPStopXfer
                0x0000000008005ed8      0x154 ./Drivers/STM32F4xx_HAL_Driver/Src/stm32f4xx_ll_usb.o
                0x0000000008005ed8                USB_EPStopXfer
 .text.USB_WritePacket
                0x000000000800602c       0x7c ./Drivers/STM32F4xx_HAL_Driver/Src/stm32f4xx_ll_usb.o
                0x000000000800602c                USB_WritePacket
 .text.USB_ReadPacket
                0x00000000080060a8       0xb0 ./Drivers/STM32F4xx_HAL_Driver/Src/stm32f4xx_ll_usb.o
                0x00000000080060a8                USB_ReadPacket
 .text.USB_EPSetStall
                0x0000000008006158       0xdc ./Drivers/STM32F4xx_HAL_Driver/Src/stm32f4xx_ll_usb.o
                0x0000000008006158                USB_EPSetStall
 .text.USB_EPClearStall
                0x0000000008006234       0xcc ./Drivers/STM32F4xx_HAL_Driver/Src/stm32f4xx_ll_usb.o
                0x0000000008006234                USB_EPClearStall
 .text.USB_SetDevAddress
                0x0000000008006300       0x4c ./Drivers/STM32F4xx_HAL_Driver/Src/stm32f4xx_ll_usb.o
                0x0000000008006300                USB_SetDevAddress
 .text.USB_DevConnect
                0x000000000800634c       0x42 ./Drivers/STM32F4xx_HAL_Driver/Src/stm32f4xx_ll_usb.o
                0x000000000800634c                USB_DevConnect
 .text.USB_DevDisconnect
                0x000000000800638e       0x42 ./Drivers/STM32F4xx_HAL_Driver/Src/stm32f4xx_ll_usb.o
                0x000000000800638e                USB_DevDisconnect
 .text.USB_ReadInterrupts
                0x00000000080063d0       0x26 ./Drivers/STM32F4xx_HAL_Driver/Src/stm32f4xx_ll_usb.o
                0x00000000080063d0                USB_ReadInterrupts
 .text.USB_ReadDevAllOutEpInterrupt
                0x00000000080063f6       0x34 ./Drivers/STM32F4xx_HAL_Driver/Src/stm32f4xx_ll_usb.o
                0x00000000080063f6                USB_ReadDevAllOutEpInterrupt
 .text.USB_ReadDevAllInEpInterrupt
                0x000000000800642a       0x34 ./Drivers/STM32F4xx_HAL_Driver/Src/stm32f4xx_ll_usb.o
                0x000000000800642a                USB_ReadDevAllInEpInterrupt
 .text.USB_ReadDevOutEPInterrupt
                0x000000000800645e       0x3c ./Drivers/STM32F4xx_HAL_Driver/Src/stm32f4xx_ll_usb.o
                0x000000000800645e                USB_ReadDevOutEPInterrupt
 .text.USB_ReadDevInEPInterrupt
                0x000000000800649a       0x5c ./Drivers/STM32F4xx_HAL_Driver/Src/stm32f4xx_ll_usb.o
                0x000000000800649a                USB_ReadDevInEPInterrupt
 .text.USB_GetMode
                0x00000000080064f6       0x1c ./Drivers/STM32F4xx_HAL_Driver/Src/stm32f4xx_ll_usb.o
                0x00000000080064f6                USB_GetMode
 .text.USB_ActivateSetup
                0x0000000008006512       0x46 ./Drivers/STM32F4xx_HAL_Driver/Src/stm32f4xx_ll_usb.o
                0x0000000008006512                USB_ActivateSetup
 .text.USB_EP0_OutStart
                0x0000000008006558       0xbc ./Drivers/STM32F4xx_HAL_Driver/Src/stm32f4xx_ll_usb.o
                0x0000000008006558                USB_EP0_OutStart
 .text.USB_CoreReset
                0x0000000008006614       0x68 ./Drivers/STM32F4xx_HAL_Driver/Src/stm32f4xx_ll_usb.o
 .text.USBD_CDC_Init
                0x000000000800667c      0x1f0 ./Middlewares/ST/STM32_USB_Device_Library/Class/CDC/Src/usbd_cdc.o
 .text.USBD_CDC_DeInit
                0x000000000800686c      0x104 ./Middlewares/ST/STM32_USB_Device_Library/Class/CDC/Src/usbd_cdc.o
 .text.USBD_CDC_Setup
                0x0000000008006970      0x1b8 ./Middlewares/ST/STM32_USB_Device_Library/Class/CDC/Src/usbd_cdc.o
 .text.USBD_CDC_DataIn
                0x0000000008006b28       0xfe ./Middlewares/ST/STM32_USB_Device_Library/Class/CDC/Src/usbd_cdc.o
 .text.USBD_CDC_DataOut
                0x0000000008006c26       0x70 ./Middlewares/ST/STM32_USB_Device_Library/Class/CDC/Src/usbd_cdc.o
 .text.USBD_CDC_EP0_RxReady
                0x0000000008006c96       0x76 ./Middlewares/ST/STM32_USB_Device_Library/Class/CDC/Src/usbd_cdc.o
 .text.USBD_CDC_GetFSCfgDesc
                0x0000000008006d0c       0x70 ./Middlewares/ST/STM32_USB_Device_Library/Class/CDC/Src/usbd_cdc.o
 .text.USBD_CDC_GetHSCfgDesc
                0x0000000008006d7c       0x70 ./Middlewares/ST/STM32_USB_Device_Library/Class/CDC/Src/usbd_cdc.o
 .text.USBD_CDC_GetOtherSpeedCfgDesc
                0x0000000008006dec       0x70 ./Middlewares/ST/STM32_USB_Device_Library/Class/CDC/Src/usbd_cdc.o
 .text.USBD_CDC_GetDeviceQualifierDescriptor
                0x0000000008006e5c       0x20 ./Middlewares/ST/STM32_USB_Device_Library/Class/CDC/Src/usbd_cdc.o
                0x0000000008006e5c                USBD_CDC_GetDeviceQualifierDescriptor
 .text.USBD_CDC_RegisterInterface
                0x0000000008006e7c       0x34 ./Middlewares/ST/STM32_USB_Device_Library/Class/CDC/Src/usbd_cdc.o
                0x0000000008006e7c                USBD_CDC_RegisterInterface
 .text.USBD_CDC_SetTxBuffer
                0x0000000008006eb0       0x44 ./Middlewares/ST/STM32_USB_Device_Library/Class/CDC/Src/usbd_cdc.o
                0x0000000008006eb0                USBD_CDC_SetTxBuffer
 .text.USBD_CDC_SetRxBuffer
                0x0000000008006ef4       0x3a ./Middlewares/ST/STM32_USB_Device_Library/Class/CDC/Src/usbd_cdc.o
                0x0000000008006ef4                USBD_CDC_SetRxBuffer
 *fill*         0x0000000008006f2e        0x2 
 .text.USBD_CDC_ReceivePacket
                0x0000000008006f30       0x6c ./Middlewares/ST/STM32_USB_Device_Library/Class/CDC/Src/usbd_cdc.o
                0x0000000008006f30                USBD_CDC_ReceivePacket
 .text.USBD_Init
                0x0000000008006f9c       0x60 ./Middlewares/ST/STM32_USB_Device_Library/Core/Src/usbd_core.o
                0x0000000008006f9c                USBD_Init
 .text.USBD_RegisterClass
                0x0000000008006ffc       0x6c ./Middlewares/ST/STM32_USB_Device_Library/Core/Src/usbd_core.o
                0x0000000008006ffc                USBD_RegisterClass
 .text.USBD_Start
                0x0000000008007068       0x18 ./Middlewares/ST/STM32_USB_Device_Library/Core/Src/usbd_core.o
                0x0000000008007068                USBD_Start
 .text.USBD_RunTestMode
                0x0000000008007080       0x16 ./Middlewares/ST/STM32_USB_Device_Library/Core/Src/usbd_core.o
                0x0000000008007080                USBD_RunTestMode
 .text.USBD_SetClassConfig
                0x0000000008007096       0x38 ./Middlewares/ST/STM32_USB_Device_Library/Core/Src/usbd_core.o
                0x0000000008007096                USBD_SetClassConfig
 .text.USBD_ClrClassConfig
                0x00000000080070ce       0x34 ./Middlewares/ST/STM32_USB_Device_Library/Core/Src/usbd_core.o
                0x00000000080070ce                USBD_ClrClassConfig
 .text.USBD_LL_SetupStage
                0x0000000008007102       0xaa ./Middlewares/ST/STM32_USB_Device_Library/Core/Src/usbd_core.o
                0x0000000008007102                USBD_LL_SetupStage
 .text.USBD_LL_DataOutStage
                0x00000000080071ac      0x166 ./Middlewares/ST/STM32_USB_Device_Library/Core/Src/usbd_core.o
                0x00000000080071ac                USBD_LL_DataOutStage
 .text.USBD_LL_DataInStage
                0x0000000008007312      0x164 ./Middlewares/ST/STM32_USB_Device_Library/Core/Src/usbd_core.o
                0x0000000008007312                USBD_LL_DataInStage
 .text.USBD_LL_Reset
                0x0000000008007476       0xa4 ./Middlewares/ST/STM32_USB_Device_Library/Core/Src/usbd_core.o
                0x0000000008007476                USBD_LL_Reset
 .text.USBD_LL_SetSpeed
                0x000000000800751a       0x20 ./Middlewares/ST/STM32_USB_Device_Library/Core/Src/usbd_core.o
                0x000000000800751a                USBD_LL_SetSpeed
 .text.USBD_LL_Suspend
                0x000000000800753a       0x2c ./Middlewares/ST/STM32_USB_Device_Library/Core/Src/usbd_core.o
                0x000000000800753a                USBD_LL_Suspend
 .text.USBD_LL_Resume
                0x0000000008007566       0x30 ./Middlewares/ST/STM32_USB_Device_Library/Core/Src/usbd_core.o
                0x0000000008007566                USBD_LL_Resume
 .text.USBD_LL_SOF
                0x0000000008007596       0x40 ./Middlewares/ST/STM32_USB_Device_Library/Core/Src/usbd_core.o
                0x0000000008007596                USBD_LL_SOF
 .text.USBD_LL_IsoINIncomplete
                0x00000000080075d6       0x64 ./Middlewares/ST/STM32_USB_Device_Library/Core/Src/usbd_core.o
                0x00000000080075d6                USBD_LL_IsoINIncomplete
 .text.USBD_LL_IsoOUTIncomplete
                0x000000000800763a       0x64 ./Middlewares/ST/STM32_USB_Device_Library/Core/Src/usbd_core.o
                0x000000000800763a                USBD_LL_IsoOUTIncomplete
 .text.USBD_LL_DevConnected
                0x000000000800769e       0x16 ./Middlewares/ST/STM32_USB_Device_Library/Core/Src/usbd_core.o
                0x000000000800769e                USBD_LL_DevConnected
 .text.USBD_LL_DevDisconnected
                0x00000000080076b4       0x46 ./Middlewares/ST/STM32_USB_Device_Library/Core/Src/usbd_core.o
                0x00000000080076b4                USBD_LL_DevDisconnected
 .text.USBD_CoreFindIF
                0x00000000080076fa       0x1a ./Middlewares/ST/STM32_USB_Device_Library/Core/Src/usbd_core.o
                0x00000000080076fa                USBD_CoreFindIF
 .text.USBD_CoreFindEP
                0x0000000008007714       0x1a ./Middlewares/ST/STM32_USB_Device_Library/Core/Src/usbd_core.o
                0x0000000008007714                USBD_CoreFindEP
 .text.USBD_GetEpDesc
                0x000000000800772e       0x74 ./Middlewares/ST/STM32_USB_Device_Library/Core/Src/usbd_core.o
                0x000000000800772e                USBD_GetEpDesc
 .text.USBD_GetNextDesc
                0x00000000080077a2       0x3a ./Middlewares/ST/STM32_USB_Device_Library/Core/Src/usbd_core.o
                0x00000000080077a2                USBD_GetNextDesc
 .text.SWAPBYTE
                0x00000000080077dc       0x3c ./Middlewares/ST/STM32_USB_Device_Library/Core/Src/usbd_ctlreq.o
 .text.USBD_StdDevReq
                0x0000000008007818       0xe4 ./Middlewares/ST/STM32_USB_Device_Library/Core/Src/usbd_ctlreq.o
                0x0000000008007818                USBD_StdDevReq
 .text.USBD_StdItfReq
                0x00000000080078fc       0xd8 ./Middlewares/ST/STM32_USB_Device_Library/Core/Src/usbd_ctlreq.o
                0x00000000080078fc                USBD_StdItfReq
 .text.USBD_StdEPReq
                0x00000000080079d4      0x33a ./Middlewares/ST/STM32_USB_Device_Library/Core/Src/usbd_ctlreq.o
                0x00000000080079d4                USBD_StdEPReq
 *fill*         0x0000000008007d0e        0x2 
 .text.USBD_GetDescriptor
                0x0000000008007d10      0x2d4 ./Middlewares/ST/STM32_USB_Device_Library/Core/Src/usbd_ctlreq.o
 .text.USBD_SetAddress
                0x0000000008007fe4       0x88 ./Middlewares/ST/STM32_USB_Device_Library/Core/Src/usbd_ctlreq.o
 .text.USBD_SetConfig
                0x000000000800806c      0x154 ./Middlewares/ST/STM32_USB_Device_Library/Core/Src/usbd_ctlreq.o
 .text.USBD_GetConfig
                0x00000000080081c0       0x6c ./Middlewares/ST/STM32_USB_Device_Library/Core/Src/usbd_ctlreq.o
 .text.USBD_GetStatus
                0x000000000800822c       0x68 ./Middlewares/ST/STM32_USB_Device_Library/Core/Src/usbd_ctlreq.o
 .text.USBD_SetFeature
                0x0000000008008294       0x52 ./Middlewares/ST/STM32_USB_Device_Library/Core/Src/usbd_ctlreq.o
 .text.USBD_ClrFeature
                0x00000000080082e6       0x44 ./Middlewares/ST/STM32_USB_Device_Library/Core/Src/usbd_ctlreq.o
 .text.USBD_ParseSetupRequest
                0x000000000800832a       0x74 ./Middlewares/ST/STM32_USB_Device_Library/Core/Src/usbd_ctlreq.o
                0x000000000800832a                USBD_ParseSetupRequest
 .text.USBD_CtlError
                0x000000000800839e       0x22 ./Middlewares/ST/STM32_USB_Device_Library/Core/Src/usbd_ctlreq.o
                0x000000000800839e                USBD_CtlError
 .text.USBD_GetString
                0x00000000080083c0       0x8c ./Middlewares/ST/STM32_USB_Device_Library/Core/Src/usbd_ctlreq.o
                0x00000000080083c0                USBD_GetString
 .text.USBD_GetLen
                0x000000000800844c       0x34 ./Middlewares/ST/STM32_USB_Device_Library/Core/Src/usbd_ctlreq.o
 .text.USBD_CtlSendData
                0x0000000008008480       0x36 ./Middlewares/ST/STM32_USB_Device_Library/Core/Src/usbd_ioreq.o
                0x0000000008008480                USBD_CtlSendData
 .text.USBD_CtlContinueSendData
                0x00000000080084b6       0x22 ./Middlewares/ST/STM32_USB_Device_Library/Core/Src/usbd_ioreq.o
                0x00000000080084b6                USBD_CtlContinueSendData
 .text.USBD_CtlPrepareRx
                0x00000000080084d8       0x3a ./Middlewares/ST/STM32_USB_Device_Library/Core/Src/usbd_ioreq.o
                0x00000000080084d8                USBD_CtlPrepareRx
 .text.USBD_CtlContinueRx
                0x0000000008008512       0x22 ./Middlewares/ST/STM32_USB_Device_Library/Core/Src/usbd_ioreq.o
                0x0000000008008512                USBD_CtlContinueRx
 .text.USBD_CtlSendStatus
                0x0000000008008534       0x26 ./Middlewares/ST/STM32_USB_Device_Library/Core/Src/usbd_ioreq.o
                0x0000000008008534                USBD_CtlSendStatus
 .text.USBD_CtlReceiveStatus
                0x000000000800855a       0x26 ./Middlewares/ST/STM32_USB_Device_Library/Core/Src/usbd_ioreq.o
                0x000000000800855a                USBD_CtlReceiveStatus
 .text.makeFreeRtosPriority
                0x0000000008008580       0x30 ./Middlewares/Third_Party/FreeRTOS/Source/CMSIS_RTOS/cmsis_os.o
 .text.osKernelStart
                0x00000000080085b0        0xe ./Middlewares/Third_Party/FreeRTOS/Source/CMSIS_RTOS/cmsis_os.o
                0x00000000080085b0                osKernelStart
 .text.osThreadCreate
                0x00000000080085be       0x98 ./Middlewares/Third_Party/FreeRTOS/Source/CMSIS_RTOS/cmsis_os.o
                0x00000000080085be                osThreadCreate
 .text.osDelay  0x0000000008008656       0x28 ./Middlewares/Third_Party/FreeRTOS/Source/CMSIS_RTOS/cmsis_os.o
                0x0000000008008656                osDelay
 .text.vListInitialise
                0x000000000800867e       0x40 ./Middlewares/Third_Party/FreeRTOS/Source/list.o
                0x000000000800867e                vListInitialise
 .text.vListInitialiseItem
                0x00000000080086be       0x1a ./Middlewares/Third_Party/FreeRTOS/Source/list.o
                0x00000000080086be                vListInitialiseItem
 .text.vListInsertEnd
                0x00000000080086d8       0x48 ./Middlewares/Third_Party/FreeRTOS/Source/list.o
                0x00000000080086d8                vListInsertEnd
 .text.vListInsert
                0x0000000008008720       0x72 ./Middlewares/Third_Party/FreeRTOS/Source/list.o
                0x0000000008008720                vListInsert
 .text.uxListRemove
                0x0000000008008792       0x54 ./Middlewares/Third_Party/FreeRTOS/Source/list.o
                0x0000000008008792                uxListRemove
 .text.xTaskCreateStatic
                0x00000000080087e6       0xba ./Middlewares/Third_Party/FreeRTOS/Source/tasks.o
                0x00000000080087e6                xTaskCreateStatic
 .text.xTaskCreate
                0x00000000080088a0       0x8a ./Middlewares/Third_Party/FreeRTOS/Source/tasks.o
                0x00000000080088a0                xTaskCreate
 .text.prvInitialiseNewTask
                0x000000000800892a      0x10e ./Middlewares/Third_Party/FreeRTOS/Source/tasks.o
 .text.prvAddNewTaskToReadyList
                0x0000000008008a38       0xd4 ./Middlewares/Third_Party/FreeRTOS/Source/tasks.o
 .text.vTaskDelay
                0x0000000008008b0c       0x68 ./Middlewares/Third_Party/FreeRTOS/Source/tasks.o
                0x0000000008008b0c                vTaskDelay
 .text.vTaskStartScheduler
                0x0000000008008b74       0xc0 ./Middlewares/Third_Party/FreeRTOS/Source/tasks.o
                0x0000000008008b74                vTaskStartScheduler
 .text.vTaskSuspendAll
                0x0000000008008c34       0x1c ./Middlewares/Third_Party/FreeRTOS/Source/tasks.o
                0x0000000008008c34                vTaskSuspendAll
 .text.xTaskResumeAll
                0x0000000008008c50      0x138 ./Middlewares/Third_Party/FreeRTOS/Source/tasks.o
                0x0000000008008c50                xTaskResumeAll
 .text.xTaskIncrementTick
                0x0000000008008d88      0x170 ./Middlewares/Third_Party/FreeRTOS/Source/tasks.o
                0x0000000008008d88                xTaskIncrementTick
 .text.vTaskSwitchContext
                0x0000000008008ef8       0xb8 ./Middlewares/Third_Party/FreeRTOS/Source/tasks.o
                0x0000000008008ef8                vTaskSwitchContext
 .text.prvIdleTask
                0x0000000008008fb0       0x30 ./Middlewares/Third_Party/FreeRTOS/Source/tasks.o
 .text.prvInitialiseTaskLists
                0x0000000008008fe0       0x80 ./Middlewares/Third_Party/FreeRTOS/Source/tasks.o
 .text.prvCheckTasksWaitingTermination
                0x0000000008009060       0x5c ./Middlewares/Third_Party/FreeRTOS/Source/tasks.o
 .text.prvDeleteTCB
                0x00000000080090bc       0x5e ./Middlewares/Third_Party/FreeRTOS/Source/tasks.o
 *fill*         0x000000000800911a        0x2 
 .text.prvResetNextTaskUnblockTime
                0x000000000800911c       0x40 ./Middlewares/Third_Party/FreeRTOS/Source/tasks.o
 .text.prvAddCurrentTaskToDelayedList
                0x000000000800915c       0xcc ./Middlewares/Third_Party/FreeRTOS/Source/tasks.o
 .text.pxPortInitialiseStack
                0x0000000008009228       0x68 ./Middlewares/Third_Party/FreeRTOS/Source/portable/GCC/ARM_CM4F/port.o
                0x0000000008009228                pxPortInitialiseStack
 .text.prvTaskExitError
                0x0000000008009290       0x58 ./Middlewares/Third_Party/FreeRTOS/Source/portable/GCC/ARM_CM4F/port.o
 *fill*         0x00000000080092e8        0x8 
 .text.SVC_Handler
                0x00000000080092f0       0x28 ./Middlewares/Third_Party/FreeRTOS/Source/portable/GCC/ARM_CM4F/port.o
                0x00000000080092f0                SVC_Handler
 .text.prvPortStartFirstTask
                0x0000000008009318       0x28 ./Middlewares/Third_Party/FreeRTOS/Source/portable/GCC/ARM_CM4F/port.o
 .text.xPortStartScheduler
                0x0000000008009340      0x144 ./Middlewares/Third_Party/FreeRTOS/Source/portable/GCC/ARM_CM4F/port.o
                0x0000000008009340                xPortStartScheduler
 .text.vPortEnterCritical
                0x0000000008009484       0x60 ./Middlewares/Third_Party/FreeRTOS/Source/portable/GCC/ARM_CM4F/port.o
                0x0000000008009484                vPortEnterCritical
 .text.vPortExitCritical
                0x00000000080094e4       0x54 ./Middlewares/Third_Party/FreeRTOS/Source/portable/GCC/ARM_CM4F/port.o
                0x00000000080094e4                vPortExitCritical
 *fill*         0x0000000008009538        0x8 
 .text.PendSV_Handler
                0x0000000008009540       0x68 ./Middlewares/Third_Party/FreeRTOS/Source/portable/GCC/ARM_CM4F/port.o
                0x0000000008009540                PendSV_Handler
 .text.SysTick_Handler
                0x00000000080095a8       0x44 ./Middlewares/Third_Party/FreeRTOS/Source/portable/GCC/ARM_CM4F/port.o
                0x00000000080095a8                SysTick_Handler
 .text.vPortSetupTimerInterrupt
                0x00000000080095ec       0x48 ./Middlewares/Third_Party/FreeRTOS/Source/portable/GCC/ARM_CM4F/port.o
                0x00000000080095ec                vPortSetupTimerInterrupt
 .text.vPortEnableVFP
                0x0000000008009634       0x14 ./Middlewares/Third_Party/FreeRTOS/Source/portable/GCC/ARM_CM4F/port.o
 .text.pvPortMalloc
                0x0000000008009648      0x198 ./Middlewares/Third_Party/FreeRTOS/Source/portable/MemMang/heap_4.o
                0x0000000008009648                pvPortMalloc
 .text.vPortFree
                0x00000000080097e0       0xc4 ./Middlewares/Third_Party/FreeRTOS/Source/portable/MemMang/heap_4.o
                0x00000000080097e0                vPortFree
 .text.prvHeapInit
                0x00000000080098a4       0xc4 ./Middlewares/Third_Party/FreeRTOS/Source/portable/MemMang/heap_4.o
 .text.prvInsertBlockIntoFreeList
                0x0000000008009968       0xb4 ./Middlewares/Third_Party/FreeRTOS/Source/portable/MemMang/heap_4.o
 .text.MX_USB_DEVICE_Init
                0x0000000008009a1c       0x60 ./USB_DEVICE/App/usb_device.o
                0x0000000008009a1c                MX_USB_DEVICE_Init
 .text.CDC_Init_FS
                0x0000000008009a7c       0x28 ./USB_DEVICE/App/usbd_cdc_if.o
 .text.CDC_DeInit_FS
                0x0000000008009aa4       0x10 ./USB_DEVICE/App/usbd_cdc_if.o
 .text.CDC_Control_FS
                0x0000000008009ab4      0x134 ./USB_DEVICE/App/usbd_cdc_if.o
 .text.CDC_Receive_FS
                0x0000000008009be8       0x38 ./USB_DEVICE/App/usbd_cdc_if.o
 .text.CDC_TransmitCplt_FS
                0x0000000008009c20       0x22 ./USB_DEVICE/App/usbd_cdc_if.o
 *fill*         0x0000000008009c42        0x2 
 .text.USBD_FS_DeviceDescriptor
                0x0000000008009c44       0x24 ./USB_DEVICE/App/usbd_desc.o
                0x0000000008009c44                USBD_FS_DeviceDescriptor
 .text.USBD_FS_LangIDStrDescriptor
                0x0000000008009c68       0x24 ./USB_DEVICE/App/usbd_desc.o
                0x0000000008009c68                USBD_FS_LangIDStrDescriptor
 .text.USBD_FS_ProductStrDescriptor
                0x0000000008009c8c       0x3c ./USB_DEVICE/App/usbd_desc.o
                0x0000000008009c8c                USBD_FS_ProductStrDescriptor
 .text.USBD_FS_ManufacturerStrDescriptor
                0x0000000008009cc8       0x28 ./USB_DEVICE/App/usbd_desc.o
                0x0000000008009cc8                USBD_FS_ManufacturerStrDescriptor
 .text.USBD_FS_SerialStrDescriptor
                0x0000000008009cf0       0x24 ./USB_DEVICE/App/usbd_desc.o
                0x0000000008009cf0                USBD_FS_SerialStrDescriptor
 .text.USBD_FS_ConfigStrDescriptor
                0x0000000008009d14       0x3c ./USB_DEVICE/App/usbd_desc.o
                0x0000000008009d14                USBD_FS_ConfigStrDescriptor
 .text.USBD_FS_InterfaceStrDescriptor
                0x0000000008009d50       0x3c ./USB_DEVICE/App/usbd_desc.o
                0x0000000008009d50                USBD_FS_InterfaceStrDescriptor
 .text.Get_SerialNum
                0x0000000008009d8c       0x58 ./USB_DEVICE/App/usbd_desc.o
 .text.IntToUnicode
                0x0000000008009de4       0x7e ./USB_DEVICE/App/usbd_desc.o
 *fill*         0x0000000008009e62        0x2 
 .text.HAL_PCD_MspInit
                0x0000000008009e64       0xc4 ./USB_DEVICE/Target/usbd_conf.o
                0x0000000008009e64                HAL_PCD_MspInit
 .text.HAL_PCD_SetupStageCallback
                0x0000000008009f28       0x24 ./USB_DEVICE/Target/usbd_conf.o
                0x0000000008009f28                HAL_PCD_SetupStageCallback
 .text.HAL_PCD_DataOutStageCallback
                0x0000000008009f4c       0x36 ./USB_DEVICE/Target/usbd_conf.o
                0x0000000008009f4c                HAL_PCD_DataOutStageCallback
 .text.HAL_PCD_DataInStageCallback
                0x0000000008009f82       0x34 ./USB_DEVICE/Target/usbd_conf.o
                0x0000000008009f82                HAL_PCD_DataInStageCallback
 .text.HAL_PCD_SOFCallback
                0x0000000008009fb6       0x1c ./USB_DEVICE/Target/usbd_conf.o
                0x0000000008009fb6                HAL_PCD_SOFCallback
 .text.HAL_PCD_ResetCallback
                0x0000000008009fd2       0x50 ./USB_DEVICE/Target/usbd_conf.o
                0x0000000008009fd2                HAL_PCD_ResetCallback
 *fill*         0x000000000800a022        0x2 
 .text.HAL_PCD_SuspendCallback
                0x000000000800a024       0x4c ./USB_DEVICE/Target/usbd_conf.o
                0x000000000800a024                HAL_PCD_SuspendCallback
 .text.HAL_PCD_ResumeCallback
                0x000000000800a070       0x1c ./USB_DEVICE/Target/usbd_conf.o
                0x000000000800a070                HAL_PCD_ResumeCallback
 .text.HAL_PCD_ISOOUTIncompleteCallback
                0x000000000800a08c       0x24 ./USB_DEVICE/Target/usbd_conf.o
                0x000000000800a08c                HAL_PCD_ISOOUTIncompleteCallback
 .text.HAL_PCD_ISOINIncompleteCallback
                0x000000000800a0b0       0x24 ./USB_DEVICE/Target/usbd_conf.o
                0x000000000800a0b0                HAL_PCD_ISOINIncompleteCallback
 .text.HAL_PCD_ConnectCallback
                0x000000000800a0d4       0x1c ./USB_DEVICE/Target/usbd_conf.o
                0x000000000800a0d4                HAL_PCD_ConnectCallback
 .text.HAL_PCD_DisconnectCallback
                0x000000000800a0f0       0x1c ./USB_DEVICE/Target/usbd_conf.o
                0x000000000800a0f0                HAL_PCD_DisconnectCallback
 .text.USBD_LL_Init
                0x000000000800a10c       0x98 ./USB_DEVICE/Target/usbd_conf.o
                0x000000000800a10c                USBD_LL_Init
 .text.USBD_LL_Start
                0x000000000800a1a4       0x36 ./USB_DEVICE/Target/usbd_conf.o
                0x000000000800a1a4                USBD_LL_Start
 .text.USBD_LL_OpenEP
                0x000000000800a1da       0x4c ./USB_DEVICE/Target/usbd_conf.o
                0x000000000800a1da                USBD_LL_OpenEP
 .text.USBD_LL_CloseEP
                0x000000000800a226       0x3e ./USB_DEVICE/Target/usbd_conf.o
                0x000000000800a226                USBD_LL_CloseEP
 .text.USBD_LL_StallEP
                0x000000000800a264       0x3e ./USB_DEVICE/Target/usbd_conf.o
                0x000000000800a264                USBD_LL_StallEP
 .text.USBD_LL_ClearStallEP
                0x000000000800a2a2       0x3e ./USB_DEVICE/Target/usbd_conf.o
                0x000000000800a2a2                USBD_LL_ClearStallEP
 .text.USBD_LL_IsStallEP
                0x000000000800a2e0       0x58 ./USB_DEVICE/Target/usbd_conf.o
                0x000000000800a2e0                USBD_LL_IsStallEP
 .text.USBD_LL_SetUSBAddress
                0x000000000800a338       0x3e ./USB_DEVICE/Target/usbd_conf.o
                0x000000000800a338                USBD_LL_SetUSBAddress
 .text.USBD_LL_Transmit
                0x000000000800a376       0x42 ./USB_DEVICE/Target/usbd_conf.o
                0x000000000800a376                USBD_LL_Transmit
 .text.USBD_LL_PrepareReceive
                0x000000000800a3b8       0x42 ./USB_DEVICE/Target/usbd_conf.o
                0x000000000800a3b8                USBD_LL_PrepareReceive
 .text.USBD_LL_GetRxDataSize
                0x000000000800a3fa       0x26 ./USB_DEVICE/Target/usbd_conf.o
                0x000000000800a3fa                USBD_LL_GetRxDataSize
 .text.USBD_static_malloc
                0x000000000800a420       0x1c ./USB_DEVICE/Target/usbd_conf.o
                0x000000000800a420                USBD_static_malloc
 .text.USBD_static_free
                0x000000000800a43c       0x14 ./USB_DEVICE/Target/usbd_conf.o
                0x000000000800a43c                USBD_static_free
 .text.USBD_Get_USB_Status
                0x000000000800a450       0x58 ./USB_DEVICE/Target/usbd_conf.o
                0x000000000800a450                USBD_Get_USB_Status
 .text.__libc_init_array
                0x000000000800a4a8       0x48 c:/st/stm32cubeide_1.12.0/stm32cubeide/plugins/com.st.stm32cube.ide.mcu.externaltools.gnu-tools-for-stm32.10.3-2021.10.win32_1.0.200.202301161003/tools/bin/../lib/gcc/arm-none-eabi/10.3.1/../../../../arm-none-eabi/lib/thumb/v7e-m+fp/hard\libc_nano.a(lib_a-init.o)
                0x000000000800a4a8                __libc_init_array
 .text.memset   0x000000000800a4f0       0x10 c:/st/stm32cubeide_1.12.0/stm32cubeide/plugins/com.st.stm32cube.ide.mcu.externaltools.gnu-tools-for-stm32.10.3-2021.10.win32_1.0.200.202301161003/tools/bin/../lib/gcc/arm-none-eabi/10.3.1/../../../../arm-none-eabi/lib/thumb/v7e-m+fp/hard\libc_nano.a(lib_a-memset.o)
                0x000000000800a4f0                memset
 .text.strncmp  0x000000000800a500       0x28 c:/st/stm32cubeide_1.12.0/stm32cubeide/plugins/com.st.stm32cube.ide.mcu.externaltools.gnu-tools-for-stm32.10.3-2021.10.win32_1.0.200.202301161003/tools/bin/../lib/gcc/arm-none-eabi/10.3.1/../../../../arm-none-eabi/lib/thumb/v7e-m+fp/hard\libc_nano.a(lib_a-strncmp.o)
                0x000000000800a500                strncmp
 *(.glue_7)
 .glue_7        0x000000000800a528        0x0 linker stubs
 *(.glue_7t)
 .glue_7t       0x000000000800a528        0x0 linker stubs
 *(.eh_frame)
 .eh_frame      0x000000000800a528        0x0 c:/st/stm32cubeide_1.12.0/stm32cubeide/plugins/com.st.stm32cube.ide.mcu.externaltools.gnu-tools-for-stm32.10.3-2021.10.win32_1.0.200.202301161003/tools/bin/../lib/gcc/arm-none-eabi/10.3.1/thumb/v7e-m+fp/hard/crtbegin.o
 *(.init)
 .init          0x000000000800a528        0x4 c:/st/stm32cubeide_1.12.0/stm32cubeide/plugins/com.st.stm32cube.ide.mcu.externaltools.gnu-tools-for-stm32.10.3-2021.10.win32_1.0.200.202301161003/tools/bin/../lib/gcc/arm-none-eabi/10.3.1/thumb/v7e-m+fp/hard/crti.o
                0x000000000800a528                _init
 .init          0x000000000800a52c        0x8 c:/st/stm32cubeide_1.12.0/stm32cubeide/plugins/com.st.stm32cube.ide.mcu.externaltools.gnu-tools-for-stm32.10.3-2021.10.win32_1.0.200.202301161003/tools/bin/../lib/gcc/arm-none-eabi/10.3.1/thumb/v7e-m+fp/hard/crtn.o
 *(.fini)
 .fini          0x000000000800a534        0x4 c:/st/stm32cubeide_1.12.0/stm32cubeide/plugins/com.st.stm32cube.ide.mcu.externaltools.gnu-tools-for-stm32.10.3-2021.10.win32_1.0.200.202301161003/tools/bin/../lib/gcc/arm-none-eabi/10.3.1/thumb/v7e-m+fp/hard/crti.o
                0x000000000800a534                _fini
 .fini          0x000000000800a538        0x8 c:/st/stm32cubeide_1.12.0/stm32cubeide/plugins/com.st.stm32cube.ide.mcu.externaltools.gnu-tools-for-stm32.10.3-2021.10.win32_1.0.200.202301161003/tools/bin/../lib/gcc/arm-none-eabi/10.3.1/thumb/v7e-m+fp/hard/crtn.o
                0x000000000800a540                . = ALIGN (0x4)
                0x000000000800a540                _etext = .

.vfp11_veneer   0x000000000800a540        0x0
 .vfp11_veneer  0x000000000800a540        0x0 linker stubs

.v4_bx          0x000000000800a540        0x0
 .v4_bx         0x000000000800a540        0x0 linker stubs

.iplt           0x000000000800a540        0x0
 .iplt          0x000000000800a540        0x0 c:/st/stm32cubeide_1.12.0/stm32cubeide/plugins/com.st.stm32cube.ide.mcu.externaltools.gnu-tools-for-stm32.10.3-2021.10.win32_1.0.200.202301161003/tools/bin/../lib/gcc/arm-none-eabi/10.3.1/thumb/v7e-m+fp/hard/crtbegin.o

.rodata         0x000000000800a540      0x170
                0x000000000800a540                . = ALIGN (0x4)
 *(.rodata)
 .rodata        0x000000000800a540      0x106 ./Core/Src/main.o
 *fill*         0x000000000800a646        0x2 
 .rodata        0x000000000800a648        0x5 ./Middlewares/Third_Party/FreeRTOS/Source/tasks.o
 *fill*         0x000000000800a64d        0x3 
 .rodata        0x000000000800a650       0x46 ./USB_DEVICE/App/usbd_desc.o
 *(.rodata*)
 *fill*         0x000000000800a696        0x2 
 .rodata.AHBPrescTable
                0x000000000800a698       0x10 ./Core/Src/system_stm32f4xx.o
                0x000000000800a698                AHBPrescTable
 .rodata.APBPrescTable
                0x000000000800a6a8        0x8 ./Core/Src/system_stm32f4xx.o
                0x000000000800a6a8                APBPrescTable
                0x000000000800a6b0                . = ALIGN (0x4)

.ARM.extab      0x000000000800a6b0        0x0
                0x000000000800a6b0                . = ALIGN (0x4)
 *(.ARM.extab* .gnu.linkonce.armextab.*)
                0x000000000800a6b0                . = ALIGN (0x4)

.ARM            0x000000000800a6b0        0x8
                0x000000000800a6b0                . = ALIGN (0x4)
                0x000000000800a6b0                __exidx_start = .
 *(.ARM.exidx*)
 .ARM.exidx     0x000000000800a6b0        0x8 c:/st/stm32cubeide_1.12.0/stm32cubeide/plugins/com.st.stm32cube.ide.mcu.externaltools.gnu-tools-for-stm32.10.3-2021.10.win32_1.0.200.202301161003/tools/bin/../lib/gcc/arm-none-eabi/10.3.1/thumb/v7e-m+fp/hard\libgcc.a(_udivmoddi4.o)
                0x000000000800a6b8                __exidx_end = .
                0x000000000800a6b8                . = ALIGN (0x4)

.rel.dyn        0x000000000800a6b8        0x0
 .rel.iplt      0x000000000800a6b8        0x0 c:/st/stm32cubeide_1.12.0/stm32cubeide/plugins/com.st.stm32cube.ide.mcu.externaltools.gnu-tools-for-stm32.10.3-2021.10.win32_1.0.200.202301161003/tools/bin/../lib/gcc/arm-none-eabi/10.3.1/thumb/v7e-m+fp/hard/crtbegin.o

.preinit_array  0x000000000800a6b8        0x0
                0x000000000800a6b8                . = ALIGN (0x4)
                0x000000000800a6b8                PROVIDE (__preinit_array_start = .)
 *(.preinit_array*)
                0x000000000800a6b8                PROVIDE (__preinit_array_end = .)
                0x000000000800a6b8                . = ALIGN (0x4)

.init_array     0x000000000800a6b8        0x4
                0x000000000800a6b8                . = ALIGN (0x4)
                0x000000000800a6b8                PROVIDE (__init_array_start = .)
 *(SORT_BY_NAME(.init_array.*))
 *(.init_array*)
 .init_array    0x000000000800a6b8        0x4 c:/st/stm32cubeide_1.12.0/stm32cubeide/plugins/com.st.stm32cube.ide.mcu.externaltools.gnu-tools-for-stm32.10.3-2021.10.win32_1.0.200.202301161003/tools/bin/../lib/gcc/arm-none-eabi/10.3.1/thumb/v7e-m+fp/hard/crtbegin.o
                0x000000000800a6bc                PROVIDE (__init_array_end = .)
                0x000000000800a6bc                . = ALIGN (0x4)

.fini_array     0x000000000800a6bc        0x4
                0x000000000800a6bc                . = ALIGN (0x4)
                [!provide]                        PROVIDE (__fini_array_start = .)
 *(SORT_BY_NAME(.fini_array.*))
 *(.fini_array*)
 .fini_array    0x000000000800a6bc        0x4 c:/st/stm32cubeide_1.12.0/stm32cubeide/plugins/com.st.stm32cube.ide.mcu.externaltools.gnu-tools-for-stm32.10.3-2021.10.win32_1.0.200.202301161003/tools/bin/../lib/gcc/arm-none-eabi/10.3.1/thumb/v7e-m+fp/hard/crtbegin.o
                [!provide]                        PROVIDE (__fini_array_end = .)
                0x000000000800a6c0                . = ALIGN (0x4)
                0x000000000800a6c0                _sidata = LOADADDR (.data)

.data           0x0000000020000000      0x100 load address 0x000000000800a6c0
                0x0000000020000000                . = ALIGN (0x4)
                0x0000000020000000                _sdata = .
 *(.data)
 *(.data*)
 .data.SystemCoreClock
                0x0000000020000000        0x4 ./Core/Src/system_stm32f4xx.o
                0x0000000020000000                SystemCoreClock
 .data.uwTickPrio
                0x0000000020000004        0x4 ./Drivers/STM32F4xx_HAL_Driver/Src/stm32f4xx_hal.o
                0x0000000020000004                uwTickPrio
 .data.uwTickFreq
                0x0000000020000008        0x1 ./Drivers/STM32F4xx_HAL_Driver/Src/stm32f4xx_hal.o
                0x0000000020000008                uwTickFreq
 *fill*         0x0000000020000009        0x3 
 .data.USBD_CDC_DeviceQualifierDesc
                0x000000002000000c        0xa ./Middlewares/ST/STM32_USB_Device_Library/Class/CDC/Src/usbd_cdc.o
 *fill*         0x0000000020000016        0x2 
 .data.USBD_CDC
                0x0000000020000018       0x38 ./Middlewares/ST/STM32_USB_Device_Library/Class/CDC/Src/usbd_cdc.o
                0x0000000020000018                USBD_CDC
 .data.USBD_CDC_CfgDesc
                0x0000000020000050       0x43 ./Middlewares/ST/STM32_USB_Device_Library/Class/CDC/Src/usbd_cdc.o
 .data.CDCInEpAdd
                0x0000000020000093        0x1 ./Middlewares/ST/STM32_USB_Device_Library/Class/CDC/Src/usbd_cdc.o
 .data.CDCOutEpAdd
                0x0000000020000094        0x1 ./Middlewares/ST/STM32_USB_Device_Library/Class/CDC/Src/usbd_cdc.o
 .data.CDCCmdEpAdd
                0x0000000020000095        0x1 ./Middlewares/ST/STM32_USB_Device_Library/Class/CDC/Src/usbd_cdc.o
 *fill*         0x0000000020000096        0x2 
 .data.uxCriticalNesting
                0x0000000020000098        0x4 ./Middlewares/Third_Party/FreeRTOS/Source/portable/GCC/ARM_CM4F/port.o
 .data.USBD_Interface_fops_FS
                0x000000002000009c       0x14 ./USB_DEVICE/App/usbd_cdc_if.o
                0x000000002000009c                USBD_Interface_fops_FS
 .data.FS_Desc  0x00000000200000b0       0x1c ./USB_DEVICE/App/usbd_desc.o
                0x00000000200000b0                FS_Desc
 .data.USBD_FS_DeviceDesc
                0x00000000200000cc       0x12 ./USB_DEVICE/App/usbd_desc.o
                0x00000000200000cc                USBD_FS_DeviceDesc
 *fill*         0x00000000200000de        0x2 
 .data.USBD_LangIDDesc
                0x00000000200000e0        0x4 ./USB_DEVICE/App/usbd_desc.o
                0x00000000200000e0                USBD_LangIDDesc
 .data.USBD_StringSerial
                0x00000000200000e4       0x1a ./USB_DEVICE/App/usbd_desc.o
                0x00000000200000e4                USBD_StringSerial
 *(.RamFunc)
 *(.RamFunc*)
                0x0000000020000100                . = ALIGN (0x4)
 *fill*         0x00000000200000fe        0x2 
                0x0000000020000100                _edata = .
                0x000000000800a7c0                _siccmram = LOADADDR (.ccmram)

.igot.plt       0x0000000020000100        0x0 load address 0x000000000800a7c0
 .igot.plt      0x0000000020000100        0x0 c:/st/stm32cubeide_1.12.0/stm32cubeide/plugins/com.st.stm32cube.ide.mcu.externaltools.gnu-tools-for-stm32.10.3-2021.10.win32_1.0.200.202301161003/tools/bin/../lib/gcc/arm-none-eabi/10.3.1/thumb/v7e-m+fp/hard/crtbegin.o

.ccmram         0x0000000010000000        0x0 load address 0x000000000800a7c0
                0x0000000010000000                . = ALIGN (0x4)
                0x0000000010000000                _sccmram = .
 *(.ccmram)
 *(.ccmram*)
                0x0000000010000000                . = ALIGN (0x4)
                0x0000000010000000                _eccmram = .
                0x0000000010000000                . = ALIGN (0x4)

.bss            0x0000000020000100     0x5d20
                0x0000000020000100                _sbss = .
                0x0000000020000100                __bss_start__ = _sbss
 *(.bss)
 .bss           0x0000000020000100       0x1c c:/st/stm32cubeide_1.12.0/stm32cubeide/plugins/com.st.stm32cube.ide.mcu.externaltools.gnu-tools-for-stm32.10.3-2021.10.win32_1.0.200.202301161003/tools/bin/../lib/gcc/arm-none-eabi/10.3.1/thumb/v7e-m+fp/hard/crtbegin.o
 *(.bss*)
 .bss.xIdleTaskTCBBuffer
                0x000000002000011c       0x54 ./Core/Src/freertos.o
 .bss.xIdleStack
                0x0000000020000170      0x200 ./Core/Src/freertos.o
 .bss.htim2     0x0000000020000370       0x48 ./Core/Src/main.o
                0x0000000020000370                htim2
 .bss.htim3     0x00000000200003b8       0x48 ./Core/Src/main.o
                0x00000000200003b8                htim3
 .bss.htim4     0x0000000020000400       0x48 ./Core/Src/main.o
                0x0000000020000400                htim4
 .bss.motorRampaHandle
                0x0000000020000448        0x4 ./Core/Src/main.o
                0x0000000020000448                motorRampaHandle
 .bss.lightShowHandle
                0x000000002000044c        0x4 ./Core/Src/main.o
                0x000000002000044c                lightShowHandle
 .bss.interfonHandle
                0x0000000020000450        0x4 ./Core/Src/main.o
                0x0000000020000450                interfonHandle
 .bss.citacVrataHandle
                0x0000000020000454        0x4 ./Core/Src/main.o
                0x0000000020000454                citacVrataHandle
 .bss.displejHandle
                0x0000000020000458        0x4 ./Core/Src/main.o
                0x0000000020000458                displejHandle
 .bss.pomocniHandle
                0x000000002000045c        0x4 ./Core/Src/main.o
                0x000000002000045c                pomocniHandle
 .bss.USBDataReady
                0x0000000020000460        0x1 ./Core/Src/main.o
                0x0000000020000460                USBDataReady
 *fill*         0x0000000020000461        0x3 
 .bss.Buffer    0x0000000020000464        0x4 ./Core/Src/main.o
                0x0000000020000464                Buffer
 .bss.buflen    0x0000000020000468        0x2 ./Core/Src/main.o
                0x0000000020000468                buflen
 *fill*         0x000000002000046a        0x2 
 .bss.htim1     0x000000002000046c       0x48 ./Core/Src/stm32f4xx_hal_timebase_tim.o
                0x000000002000046c                htim1
 .bss.uwTick    0x00000000200004b4        0x4 ./Drivers/STM32F4xx_HAL_Driver/Src/stm32f4xx_hal.o
                0x00000000200004b4                uwTick
 .bss.cfgidx.0  0x00000000200004b8        0x1 ./Middlewares/ST/STM32_USB_Device_Library/Core/Src/usbd_ctlreq.o
 *fill*         0x00000000200004b9        0x3 
 .bss.pxCurrentTCB
                0x00000000200004bc        0x4 ./Middlewares/Third_Party/FreeRTOS/Source/tasks.o
                0x00000000200004bc                pxCurrentTCB
 .bss.pxReadyTasksLists
                0x00000000200004c0       0x8c ./Middlewares/Third_Party/FreeRTOS/Source/tasks.o
 .bss.xDelayedTaskList1
                0x000000002000054c       0x14 ./Middlewares/Third_Party/FreeRTOS/Source/tasks.o
 .bss.xDelayedTaskList2
                0x0000000020000560       0x14 ./Middlewares/Third_Party/FreeRTOS/Source/tasks.o
 .bss.pxDelayedTaskList
                0x0000000020000574        0x4 ./Middlewares/Third_Party/FreeRTOS/Source/tasks.o
 .bss.pxOverflowDelayedTaskList
                0x0000000020000578        0x4 ./Middlewares/Third_Party/FreeRTOS/Source/tasks.o
 .bss.xPendingReadyList
                0x000000002000057c       0x14 ./Middlewares/Third_Party/FreeRTOS/Source/tasks.o
 .bss.xTasksWaitingTermination
                0x0000000020000590       0x14 ./Middlewares/Third_Party/FreeRTOS/Source/tasks.o
 .bss.uxDeletedTasksWaitingCleanUp
                0x00000000200005a4        0x4 ./Middlewares/Third_Party/FreeRTOS/Source/tasks.o
 .bss.xSuspendedTaskList
                0x00000000200005a8       0x14 ./Middlewares/Third_Party/FreeRTOS/Source/tasks.o
 .bss.uxCurrentNumberOfTasks
                0x00000000200005bc        0x4 ./Middlewares/Third_Party/FreeRTOS/Source/tasks.o
 .bss.xTickCount
                0x00000000200005c0        0x4 ./Middlewares/Third_Party/FreeRTOS/Source/tasks.o
 .bss.uxTopReadyPriority
                0x00000000200005c4        0x4 ./Middlewares/Third_Party/FreeRTOS/Source/tasks.o
 .bss.xSchedulerRunning
                0x00000000200005c8        0x4 ./Middlewares/Third_Party/FreeRTOS/Source/tasks.o
 .bss.xPendedTicks
                0x00000000200005cc        0x4 ./Middlewares/Third_Party/FreeRTOS/Source/tasks.o
 .bss.xYieldPending
                0x00000000200005d0        0x4 ./Middlewares/Third_Party/FreeRTOS/Source/tasks.o
 .bss.xNumOfOverflows
                0x00000000200005d4        0x4 ./Middlewares/Third_Party/FreeRTOS/Source/tasks.o
 .bss.uxTaskNumber
                0x00000000200005d8        0x4 ./Middlewares/Third_Party/FreeRTOS/Source/tasks.o
 .bss.xNextTaskUnblockTime
                0x00000000200005dc        0x4 ./Middlewares/Third_Party/FreeRTOS/Source/tasks.o
 .bss.xIdleTaskHandle
                0x00000000200005e0        0x4 ./Middlewares/Third_Party/FreeRTOS/Source/tasks.o
 .bss.uxSchedulerSuspended
                0x00000000200005e4        0x4 ./Middlewares/Third_Party/FreeRTOS/Source/tasks.o
 .bss.ucMaxSysCallPriority
                0x00000000200005e8        0x1 ./Middlewares/Third_Party/FreeRTOS/Source/portable/GCC/ARM_CM4F/port.o
 *fill*         0x00000000200005e9        0x3 
 .bss.ulMaxPRIGROUPValue
                0x00000000200005ec        0x4 ./Middlewares/Third_Party/FreeRTOS/Source/portable/GCC/ARM_CM4F/port.o
 .bss.ucHeap    0x00000000200005f0     0x3c00 ./Middlewares/Third_Party/FreeRTOS/Source/portable/MemMang/heap_4.o
 .bss.xStart    0x00000000200041f0        0x8 ./Middlewares/Third_Party/FreeRTOS/Source/portable/MemMang/heap_4.o
 .bss.pxEnd     0x00000000200041f8        0x4 ./Middlewares/Third_Party/FreeRTOS/Source/portable/MemMang/heap_4.o
 .bss.xFreeBytesRemaining
                0x00000000200041fc        0x4 ./Middlewares/Third_Party/FreeRTOS/Source/portable/MemMang/heap_4.o
 .bss.xMinimumEverFreeBytesRemaining
                0x0000000020004200        0x4 ./Middlewares/Third_Party/FreeRTOS/Source/portable/MemMang/heap_4.o
 .bss.xNumberOfSuccessfulAllocations
                0x0000000020004204        0x4 ./Middlewares/Third_Party/FreeRTOS/Source/portable/MemMang/heap_4.o
 .bss.xNumberOfSuccessfulFrees
                0x0000000020004208        0x4 ./Middlewares/Third_Party/FreeRTOS/Source/portable/MemMang/heap_4.o
 .bss.xBlockAllocatedBit
                0x000000002000420c        0x4 ./Middlewares/Third_Party/FreeRTOS/Source/portable/MemMang/heap_4.o
 .bss.hUsbDeviceFS
                0x0000000020004210      0x2dc ./USB_DEVICE/App/usb_device.o
                0x0000000020004210                hUsbDeviceFS
 .bss.UserRxBufferFS
                0x00000000200044ec      0x800 ./USB_DEVICE/App/usbd_cdc_if.o
                0x00000000200044ec                UserRxBufferFS
 .bss.UserTxBufferFS
                0x0000000020004cec      0x800 ./USB_DEVICE/App/usbd_cdc_if.o
                0x0000000020004cec                UserTxBufferFS
 .bss.temp      0x00000000200054ec        0x6 ./USB_DEVICE/App/usbd_cdc_if.o
                0x00000000200054ec                temp
 *fill*         0x00000000200054f2        0x2 
 .bss.USBD_StrDesc
                0x00000000200054f4      0x200 ./USB_DEVICE/App/usbd_desc.o
                0x00000000200054f4                USBD_StrDesc
 .bss.hpcd_USB_OTG_FS
                0x00000000200056f4      0x50c ./USB_DEVICE/Target/usbd_conf.o
                0x00000000200056f4                hpcd_USB_OTG_FS
 .bss.mem.0     0x0000000020005c00      0x220 ./USB_DEVICE/Target/usbd_conf.o
 *(COMMON)
                0x0000000020005e20                . = ALIGN (0x4)
                0x0000000020005e20                _ebss = .
                0x0000000020005e20                __bss_end__ = _ebss

._user_heap_stack
                0x0000000020005e20      0x600
                0x0000000020005e20                . = ALIGN (0x8)
                [!provide]                        PROVIDE (end = .)
                0x0000000020005e20                PROVIDE (_end = .)
                0x0000000020006020                . = (. + _Min_Heap_Size)
 *fill*         0x0000000020005e20      0x200 
                0x0000000020006420                . = (. + _Min_Stack_Size)
 *fill*         0x0000000020006020      0x400 
                0x0000000020006420                . = ALIGN (0x8)

/DISCARD/
 libc.a(*)
 libm.a(*)
 libgcc.a(*)

.ARM.attributes
                0x0000000000000000       0x30
 *(.ARM.attributes)
 .ARM.attributes
                0x0000000000000000       0x1e c:/st/stm32cubeide_1.12.0/stm32cubeide/plugins/com.st.stm32cube.ide.mcu.externaltools.gnu-tools-for-stm32.10.3-2021.10.win32_1.0.200.202301161003/tools/bin/../lib/gcc/arm-none-eabi/10.3.1/thumb/v7e-m+fp/hard/crti.o
 .ARM.attributes
                0x000000000000001e       0x34 c:/st/stm32cubeide_1.12.0/stm32cubeide/plugins/com.st.stm32cube.ide.mcu.externaltools.gnu-tools-for-stm32.10.3-2021.10.win32_1.0.200.202301161003/tools/bin/../lib/gcc/arm-none-eabi/10.3.1/thumb/v7e-m+fp/hard/crtbegin.o
 .ARM.attributes
                0x0000000000000052       0x34 ./Core/Src/freertos.o
 .ARM.attributes
                0x0000000000000086       0x34 ./Core/Src/main.o
 .ARM.attributes
                0x00000000000000ba       0x34 ./Core/Src/stm32f4xx_hal_msp.o
 .ARM.attributes
                0x00000000000000ee       0x34 ./Core/Src/stm32f4xx_hal_timebase_tim.o
 .ARM.attributes
                0x0000000000000122       0x34 ./Core/Src/stm32f4xx_it.o
 .ARM.attributes
                0x0000000000000156       0x34 ./Core/Src/system_stm32f4xx.o
 .ARM.attributes
                0x000000000000018a       0x21 ./Core/Startup/startup_stm32f407vetx.o
 .ARM.attributes
                0x00000000000001ab       0x34 ./Drivers/STM32F4xx_HAL_Driver/Src/stm32f4xx_hal.o
 .ARM.attributes
                0x00000000000001df       0x34 ./Drivers/STM32F4xx_HAL_Driver/Src/stm32f4xx_hal_cortex.o
 .ARM.attributes
                0x0000000000000213       0x34 ./Drivers/STM32F4xx_HAL_Driver/Src/stm32f4xx_hal_gpio.o
 .ARM.attributes
                0x0000000000000247       0x34 ./Drivers/STM32F4xx_HAL_Driver/Src/stm32f4xx_hal_pcd.o
 .ARM.attributes
                0x000000000000027b       0x34 ./Drivers/STM32F4xx_HAL_Driver/Src/stm32f4xx_hal_pcd_ex.o
 .ARM.attributes
                0x00000000000002af       0x34 ./Drivers/STM32F4xx_HAL_Driver/Src/stm32f4xx_hal_rcc.o
 .ARM.attributes
                0x00000000000002e3       0x34 ./Drivers/STM32F4xx_HAL_Driver/Src/stm32f4xx_hal_tim.o
 .ARM.attributes
                0x0000000000000317       0x34 ./Drivers/STM32F4xx_HAL_Driver/Src/stm32f4xx_hal_tim_ex.o
 .ARM.attributes
                0x000000000000034b       0x34 ./Drivers/STM32F4xx_HAL_Driver/Src/stm32f4xx_ll_usb.o
 .ARM.attributes
                0x000000000000037f       0x34 ./Middlewares/ST/STM32_USB_Device_Library/Class/CDC/Src/usbd_cdc.o
 .ARM.attributes
                0x00000000000003b3       0x34 ./Middlewares/ST/STM32_USB_Device_Library/Core/Src/usbd_core.o
 .ARM.attributes
                0x00000000000003e7       0x34 ./Middlewares/ST/STM32_USB_Device_Library/Core/Src/usbd_ctlreq.o
 .ARM.attributes
                0x000000000000041b       0x34 ./Middlewares/ST/STM32_USB_Device_Library/Core/Src/usbd_ioreq.o
 .ARM.attributes
                0x000000000000044f       0x34 ./Middlewares/Third_Party/FreeRTOS/Source/CMSIS_RTOS/cmsis_os.o
 .ARM.attributes
                0x0000000000000483       0x34 ./Middlewares/Third_Party/FreeRTOS/Source/list.o
 .ARM.attributes
                0x00000000000004b7       0x34 ./Middlewares/Third_Party/FreeRTOS/Source/tasks.o
 .ARM.attributes
                0x00000000000004eb       0x34 ./Middlewares/Third_Party/FreeRTOS/Source/portable/GCC/ARM_CM4F/port.o
 .ARM.attributes
                0x000000000000051f       0x34 ./Middlewares/Third_Party/FreeRTOS/Source/portable/MemMang/heap_4.o
 .ARM.attributes
                0x0000000000000553       0x34 ./USB_DEVICE/App/usb_device.o
 .ARM.attributes
                0x0000000000000587       0x34 ./USB_DEVICE/App/usbd_cdc_if.o
 .ARM.attributes
                0x00000000000005bb       0x34 ./USB_DEVICE/App/usbd_desc.o
 .ARM.attributes
                0x00000000000005ef       0x34 ./USB_DEVICE/Target/usbd_conf.o
 .ARM.attributes
                0x0000000000000623       0x34 c:/st/stm32cubeide_1.12.0/stm32cubeide/plugins/com.st.stm32cube.ide.mcu.externaltools.gnu-tools-for-stm32.10.3-2021.10.win32_1.0.200.202301161003/tools/bin/../lib/gcc/arm-none-eabi/10.3.1/../../../../arm-none-eabi/lib/thumb/v7e-m+fp/hard\libc_nano.a(lib_a-init.o)
 .ARM.attributes
                0x0000000000000657       0x34 c:/st/stm32cubeide_1.12.0/stm32cubeide/plugins/com.st.stm32cube.ide.mcu.externaltools.gnu-tools-for-stm32.10.3-2021.10.win32_1.0.200.202301161003/tools/bin/../lib/gcc/arm-none-eabi/10.3.1/../../../../arm-none-eabi/lib/thumb/v7e-m+fp/hard\libc_nano.a(lib_a-memset.o)
 .ARM.attributes
                0x000000000000068b       0x34 c:/st/stm32cubeide_1.12.0/stm32cubeide/plugins/com.st.stm32cube.ide.mcu.externaltools.gnu-tools-for-stm32.10.3-2021.10.win32_1.0.200.202301161003/tools/bin/../lib/gcc/arm-none-eabi/10.3.1/../../../../arm-none-eabi/lib/thumb/v7e-m+fp/hard\libc_nano.a(lib_a-strncmp.o)
 .ARM.attributes
                0x00000000000006bf       0x1e c:/st/stm32cubeide_1.12.0/stm32cubeide/plugins/com.st.stm32cube.ide.mcu.externaltools.gnu-tools-for-stm32.10.3-2021.10.win32_1.0.200.202301161003/tools/bin/../lib/gcc/arm-none-eabi/10.3.1/thumb/v7e-m+fp/hard\libgcc.a(_aeabi_uldivmod.o)
 .ARM.attributes
                0x00000000000006dd       0x34 c:/st/stm32cubeide_1.12.0/stm32cubeide/plugins/com.st.stm32cube.ide.mcu.externaltools.gnu-tools-for-stm32.10.3-2021.10.win32_1.0.200.202301161003/tools/bin/../lib/gcc/arm-none-eabi/10.3.1/thumb/v7e-m+fp/hard\libgcc.a(_udivmoddi4.o)
 .ARM.attributes
                0x0000000000000711       0x1e c:/st/stm32cubeide_1.12.0/stm32cubeide/plugins/com.st.stm32cube.ide.mcu.externaltools.gnu-tools-for-stm32.10.3-2021.10.win32_1.0.200.202301161003/tools/bin/../lib/gcc/arm-none-eabi/10.3.1/thumb/v7e-m+fp/hard\libgcc.a(_dvmd_tls.o)
 .ARM.attributes
                0x000000000000072f       0x1e c:/st/stm32cubeide_1.12.0/stm32cubeide/plugins/com.st.stm32cube.ide.mcu.externaltools.gnu-tools-for-stm32.10.3-2021.10.win32_1.0.200.202301161003/tools/bin/../lib/gcc/arm-none-eabi/10.3.1/thumb/v7e-m+fp/hard/crtn.o
OUTPUT(ums.elf elf32-littlearm)
LOAD linker stubs
LOAD c:/st/stm32cubeide_1.12.0/stm32cubeide/plugins/com.st.stm32cube.ide.mcu.externaltools.gnu-tools-for-stm32.10.3-2021.10.win32_1.0.200.202301161003/tools/bin/../lib/gcc/arm-none-eabi/10.3.1/../../../../arm-none-eabi/lib/thumb/v7e-m+fp/hard\libc.a
LOAD c:/st/stm32cubeide_1.12.0/stm32cubeide/plugins/com.st.stm32cube.ide.mcu.externaltools.gnu-tools-for-stm32.10.3-2021.10.win32_1.0.200.202301161003/tools/bin/../lib/gcc/arm-none-eabi/10.3.1/../../../../arm-none-eabi/lib/thumb/v7e-m+fp/hard\libm.a
LOAD c:/st/stm32cubeide_1.12.0/stm32cubeide/plugins/com.st.stm32cube.ide.mcu.externaltools.gnu-tools-for-stm32.10.3-2021.10.win32_1.0.200.202301161003/tools/bin/../lib/gcc/arm-none-eabi/10.3.1/thumb/v7e-m+fp/hard\libgcc.a

.debug_info     0x0000000000000000    0x197a2
 .debug_info    0x0000000000000000      0x294 ./Core/Src/freertos.o
 .debug_info    0x0000000000000294     0x1946 ./Core/Src/main.o
 .debug_info    0x0000000000001bda      0xcff ./Core/Src/stm32f4xx_hal_msp.o
 .debug_info    0x00000000000028d9      0xc3c ./Core/Src/stm32f4xx_hal_timebase_tim.o
 .debug_info    0x0000000000003515      0xbe1 ./Core/Src/stm32f4xx_it.o
 .debug_info    0x00000000000040f6      0x523 ./Core/Src/system_stm32f4xx.o
 .debug_info    0x0000000000004619       0x22 ./Core/Startup/startup_stm32f407vetx.o
 .debug_info    0x000000000000463b      0x97c ./Drivers/STM32F4xx_HAL_Driver/Src/stm32f4xx_hal.o
 .debug_info    0x0000000000004fb7      0xe1b ./Drivers/STM32F4xx_HAL_Driver/Src/stm32f4xx_hal_cortex.o
 .debug_info    0x0000000000005dd2      0x76a ./Drivers/STM32F4xx_HAL_Driver/Src/stm32f4xx_hal_gpio.o
 .debug_info    0x000000000000653c     0x1695 ./Drivers/STM32F4xx_HAL_Driver/Src/stm32f4xx_hal_pcd.o
 .debug_info    0x0000000000007bd1      0x717 ./Drivers/STM32F4xx_HAL_Driver/Src/stm32f4xx_hal_pcd_ex.o
 .debug_info    0x00000000000082e8      0x966 ./Drivers/STM32F4xx_HAL_Driver/Src/stm32f4xx_hal_rcc.o
 .debug_info    0x0000000000008c4e     0x2bbe ./Drivers/STM32F4xx_HAL_Driver/Src/stm32f4xx_hal_tim.o
 .debug_info    0x000000000000b80c     0x15e0 ./Drivers/STM32F4xx_HAL_Driver/Src/stm32f4xx_hal_tim_ex.o
 .debug_info    0x000000000000cdec     0x1a97 ./Drivers/STM32F4xx_HAL_Driver/Src/stm32f4xx_ll_usb.o
 .debug_info    0x000000000000e883     0x130c ./Middlewares/ST/STM32_USB_Device_Library/Class/CDC/Src/usbd_cdc.o
 .debug_info    0x000000000000fb8f      0xee7 ./Middlewares/ST/STM32_USB_Device_Library/Core/Src/usbd_core.o
 .debug_info    0x0000000000010a76      0xb7f ./Middlewares/ST/STM32_USB_Device_Library/Core/Src/usbd_ctlreq.o
 .debug_info    0x00000000000115f5      0x7da ./Middlewares/ST/STM32_USB_Device_Library/Core/Src/usbd_ioreq.o
 .debug_info    0x0000000000011dcf     0x1c41 ./Middlewares/Third_Party/FreeRTOS/Source/CMSIS_RTOS/cmsis_os.o
 .debug_info    0x0000000000013a10      0x2d1 ./Middlewares/Third_Party/FreeRTOS/Source/list.o
 .debug_info    0x0000000000013ce1     0x1de4 ./Middlewares/Third_Party/FreeRTOS/Source/tasks.o
 .debug_info    0x0000000000015ac5      0x507 ./Middlewares/Third_Party/FreeRTOS/Source/portable/GCC/ARM_CM4F/port.o
 .debug_info    0x0000000000015fcc      0x50b ./Middlewares/Third_Party/FreeRTOS/Source/portable/MemMang/heap_4.o
 .debug_info    0x00000000000164d7      0x76a ./USB_DEVICE/App/usb_device.o
 .debug_info    0x0000000000016c41      0x9a8 ./USB_DEVICE/App/usbd_cdc_if.o
 .debug_info    0x00000000000175e9      0x498 ./USB_DEVICE/App/usbd_desc.o
 .debug_info    0x0000000000017a81     0x1d21 ./USB_DEVICE/Target/usbd_conf.o

.debug_abbrev   0x0000000000000000     0x3eb7
 .debug_abbrev  0x0000000000000000       0xcd ./Core/Src/freertos.o
 .debug_abbrev  0x00000000000000cd      0x346 ./Core/Src/main.o
 .debug_abbrev  0x0000000000000413      0x1e1 ./Core/Src/stm32f4xx_hal_msp.o
 .debug_abbrev  0x00000000000005f4      0x1e6 ./Core/Src/stm32f4xx_hal_timebase_tim.o
 .debug_abbrev  0x00000000000007da      0x1c2 ./Core/Src/stm32f4xx_it.o
 .debug_abbrev  0x000000000000099c      0x116 ./Core/Src/system_stm32f4xx.o
 .debug_abbrev  0x0000000000000ab2       0x12 ./Core/Startup/startup_stm32f407vetx.o
 .debug_abbrev  0x0000000000000ac4      0x20d ./Drivers/STM32F4xx_HAL_Driver/Src/stm32f4xx_hal.o
 .debug_abbrev  0x0000000000000cd1      0x316 ./Drivers/STM32F4xx_HAL_Driver/Src/stm32f4xx_hal_cortex.o
 .debug_abbrev  0x0000000000000fe7      0x1c4 ./Drivers/STM32F4xx_HAL_Driver/Src/stm32f4xx_hal_gpio.o
 .debug_abbrev  0x00000000000011ab      0x2bb ./Drivers/STM32F4xx_HAL_Driver/Src/stm32f4xx_hal_pcd.o
 .debug_abbrev  0x0000000000001466      0x1ce ./Drivers/STM32F4xx_HAL_Driver/Src/stm32f4xx_hal_pcd_ex.o
 .debug_abbrev  0x0000000000001634      0x2aa ./Drivers/STM32F4xx_HAL_Driver/Src/stm32f4xx_hal_rcc.o
 .debug_abbrev  0x00000000000018de      0x25d ./Drivers/STM32F4xx_HAL_Driver/Src/stm32f4xx_hal_tim.o
 .debug_abbrev  0x0000000000001b3b      0x265 ./Drivers/STM32F4xx_HAL_Driver/Src/stm32f4xx_hal_tim_ex.o
 .debug_abbrev  0x0000000000001da0      0x296 ./Drivers/STM32F4xx_HAL_Driver/Src/stm32f4xx_ll_usb.o
 .debug_abbrev  0x0000000000002036      0x2be ./Middlewares/ST/STM32_USB_Device_Library/Class/CDC/Src/usbd_cdc.o
 .debug_abbrev  0x00000000000022f4      0x263 ./Middlewares/ST/STM32_USB_Device_Library/Core/Src/usbd_core.o
 .debug_abbrev  0x0000000000002557      0x25c ./Middlewares/ST/STM32_USB_Device_Library/Core/Src/usbd_ctlreq.o
 .debug_abbrev  0x00000000000027b3      0x18a ./Middlewares/ST/STM32_USB_Device_Library/Core/Src/usbd_ioreq.o
 .debug_abbrev  0x000000000000293d      0x39b ./Middlewares/Third_Party/FreeRTOS/Source/CMSIS_RTOS/cmsis_os.o
 .debug_abbrev  0x0000000000002cd8       0xf2 ./Middlewares/Third_Party/FreeRTOS/Source/list.o
 .debug_abbrev  0x0000000000002dca      0x34e ./Middlewares/Third_Party/FreeRTOS/Source/tasks.o
 .debug_abbrev  0x0000000000003118      0x259 ./Middlewares/Third_Party/FreeRTOS/Source/portable/GCC/ARM_CM4F/port.o
 .debug_abbrev  0x0000000000003371      0x212 ./Middlewares/Third_Party/FreeRTOS/Source/portable/MemMang/heap_4.o
 .debug_abbrev  0x0000000000003583      0x18a ./USB_DEVICE/App/usb_device.o
 .debug_abbrev  0x000000000000370d      0x2a5 ./USB_DEVICE/App/usbd_cdc_if.o
 .debug_abbrev  0x00000000000039b2      0x1da ./USB_DEVICE/App/usbd_desc.o
 .debug_abbrev  0x0000000000003b8c      0x32b ./USB_DEVICE/Target/usbd_conf.o

.debug_aranges  0x0000000000000000     0x15f0
 .debug_aranges
                0x0000000000000000       0x20 ./Core/Src/freertos.o
 .debug_aranges
                0x0000000000000020       0xb8 ./Core/Src/main.o
 .debug_aranges
                0x00000000000000d8       0x38 ./Core/Src/stm32f4xx_hal_msp.o
 .debug_aranges
                0x0000000000000110       0x30 ./Core/Src/stm32f4xx_hal_timebase_tim.o
 .debug_aranges
                0x0000000000000140       0x58 ./Core/Src/stm32f4xx_it.o
 .debug_aranges