../Core/Src/main.c:80:6:USBRxHandler	16	static
../Core/Src/main.c:86:6:delay	16	static
../Core/Src/main.c:92:6:stepper_set_rpm	16	static
../Core/Src/main.c:97:6:stepper_half_drive_gate	16	static
../Core/Src/main.c:158:6:stepper_half_drive_gate2	16	static
../Core/Src/main.c:218:6:delay_ms_soft	24	static
../Core/Src/main.c:229:5:main	216	static
../Core/Src/main.c:352:6:SystemClock_Config	88	static
../Core/Src/main.c:398:13:MX_TIM2_Init	32	static
../Core/Src/main.c:443:13:MX_TIM3_Init	32	static
../Core/Src/main.c:488:13:MX_TIM4_Init	64	static
../Core/Src/main.c:547:13:MX_GPIO_Init	56	static
../Core/Src/main.c:624:6:motorRampa_init	64	static
../Core/Src/main.c:712:6:lightShow_init	48	static
../Core/Src/main.c:740:6:interfon_init	40	static
../Core/Src/main.c:798:6:citacVrata_init	40	static
../Core/Src/main.c:853:6:displej_init	16	static
../Core/Src/main.c:871:6:pomocni_init	16	static
../Core/Src/main.c:892:6:HAL_TIM_PeriodElapsedCallback	16	static
../Core/Src/main.c:909:6:Error_Handler	4	static,ignoring_inline_asm
